Archive member included to satisfy reference by file (symbol)

c:/progra~1/raspbe~1/picosd~1.1/gcc-ar~1/bin/../lib/gcc/arm-none-eabi/10.3.1/thumb/v6-m/nofp\libgcc.a(_dvmd_tls.o)
                              CMakeFiles/Test.dir/C_/Users/steoh/.pico-sdk/sdk/2.2.0/src/rp2_common/pico_divider/divider_hardware.S.obj (__aeabi_idiv0)
c:/progra~1/raspbe~1/picosd~1.1/gcc-ar~1/bin/../lib/gcc/arm-none-eabi/10.3.1/../../../../arm-none-eabi/lib/thumb/v6-m/nofp\libg.a(lib_a-calloc.o)
                              CMakeFiles/Test.dir/C_/Users/steoh/.pico-sdk/sdk/2.2.0/src/rp2_common/pico_malloc/malloc.c.obj (calloc)
c:/progra~1/raspbe~1/picosd~1.1/gcc-ar~1/bin/../lib/gcc/arm-none-eabi/10.3.1/../../../../arm-none-eabi/lib/thumb/v6-m/nofp\libg.a(lib_a-callocr.o)
                              c:/progra~1/raspbe~1/picosd~1.1/gcc-ar~1/bin/../lib/gcc/arm-none-eabi/10.3.1/../../../../arm-none-eabi/lib/thumb/v6-m/nofp\libg.a(lib_a-calloc.o) (_calloc_r)
c:/progra~1/raspbe~1/picosd~1.1/gcc-ar~1/bin/../lib/gcc/arm-none-eabi/10.3.1/../../../../arm-none-eabi/lib/thumb/v6-m/nofp\libg.a(lib_a-errno.o)
                              c:/progra~1/raspbe~1/picosd~1.1/gcc-ar~1/bin/../lib/gcc/arm-none-eabi/10.3.1/../../../../arm-none-eabi/lib/thumb/v6-m/nofp\libg.a(lib_a-callocr.o) (__errno)
c:/progra~1/raspbe~1/picosd~1.1/gcc-ar~1/bin/../lib/gcc/arm-none-eabi/10.3.1/../../../../arm-none-eabi/lib/thumb/v6-m/nofp\libg.a(lib_a-impure.o)
                              c:/progra~1/raspbe~1/picosd~1.1/gcc-ar~1/bin/../lib/gcc/arm-none-eabi/10.3.1/../../../../arm-none-eabi/lib/thumb/v6-m/nofp\libg.a(lib_a-calloc.o) (_impure_ptr)
c:/progra~1/raspbe~1/picosd~1.1/gcc-ar~1/bin/../lib/gcc/arm-none-eabi/10.3.1/../../../../arm-none-eabi/lib/thumb/v6-m/nofp\libg.a(lib_a-init.o)
                              c:/progra~1/raspbe~1/picosd~1.1/gcc-ar~1/bin/../lib/gcc/arm-none-eabi/10.3.1/../../../../arm-none-eabi/lib/thumb/v6-m/nofp/crt0.o (__libc_init_array)
c:/progra~1/raspbe~1/picosd~1.1/gcc-ar~1/bin/../lib/gcc/arm-none-eabi/10.3.1/../../../../arm-none-eabi/lib/thumb/v6-m/nofp\libg.a(lib_a-lcltime_r.o)
                              CMakeFiles/Test.dir/C_/Users/steoh/.pico-sdk/sdk/2.2.0/src/common/pico_util/datetime.c.obj (localtime_r)
c:/progra~1/raspbe~1/picosd~1.1/gcc-ar~1/bin/../lib/gcc/arm-none-eabi/10.3.1/../../../../arm-none-eabi/lib/thumb/v6-m/nofp\libg.a(lib_a-malloc.o)
                              CMakeFiles/Test.dir/C_/Users/steoh/.pico-sdk/sdk/2.2.0/src/rp2_common/pico_malloc/malloc.c.obj (malloc)
c:/progra~1/raspbe~1/picosd~1.1/gcc-ar~1/bin/../lib/gcc/arm-none-eabi/10.3.1/../../../../arm-none-eabi/lib/thumb/v6-m/nofp\libg.a(lib_a-mallocr.o)
                              c:/progra~1/raspbe~1/picosd~1.1/gcc-ar~1/bin/../lib/gcc/arm-none-eabi/10.3.1/../../../../arm-none-eabi/lib/thumb/v6-m/nofp\libg.a(lib_a-callocr.o) (_malloc_r)
c:/progra~1/raspbe~1/picosd~1.1/gcc-ar~1/bin/../lib/gcc/arm-none-eabi/10.3.1/../../../../arm-none-eabi/lib/thumb/v6-m/nofp\libg.a(lib_a-memcmp.o)
                              CMakeFiles/Test.dir/C_/Users/steoh/.pico-sdk/sdk/2.2.0/src/rp2_common/pico_atomic/atomic.c.obj (memcmp)
c:/progra~1/raspbe~1/picosd~1.1/gcc-ar~1/bin/../lib/gcc/arm-none-eabi/10.3.1/../../../../arm-none-eabi/lib/thumb/v6-m/nofp\libg.a(lib_a-mktime.o)
                              CMakeFiles/Test.dir/C_/Users/steoh/.pico-sdk/sdk/2.2.0/src/common/pico_util/datetime.c.obj (mktime)
c:/progra~1/raspbe~1/picosd~1.1/gcc-ar~1/bin/../lib/gcc/arm-none-eabi/10.3.1/../../../../arm-none-eabi/lib/thumb/v6-m/nofp\libg.a(lib_a-mlock.o)
                              c:/progra~1/raspbe~1/picosd~1.1/gcc-ar~1/bin/../lib/gcc/arm-none-eabi/10.3.1/../../../../arm-none-eabi/lib/thumb/v6-m/nofp\libg.a(lib_a-mallocr.o) (__malloc_lock)
c:/progra~1/raspbe~1/picosd~1.1/gcc-ar~1/bin/../lib/gcc/arm-none-eabi/10.3.1/../../../../arm-none-eabi/lib/thumb/v6-m/nofp\libg.a(lib_a-month_lengths.o)
                              c:/progra~1/raspbe~1/picosd~1.1/gcc-ar~1/bin/../lib/gcc/arm-none-eabi/10.3.1/../../../../arm-none-eabi/lib/thumb/v6-m/nofp\libg.a(lib_a-lcltime_r.o) (__month_lengths)
c:/progra~1/raspbe~1/picosd~1.1/gcc-ar~1/bin/../lib/gcc/arm-none-eabi/10.3.1/../../../../arm-none-eabi/lib/thumb/v6-m/nofp\libg.a(lib_a-realloc.o)
                              CMakeFiles/Test.dir/C_/Users/steoh/.pico-sdk/sdk/2.2.0/src/rp2_common/pico_malloc/malloc.c.obj (realloc)
c:/progra~1/raspbe~1/picosd~1.1/gcc-ar~1/bin/../lib/gcc/arm-none-eabi/10.3.1/../../../../arm-none-eabi/lib/thumb/v6-m/nofp\libg.a(lib_a-reallocr.o)
                              c:/progra~1/raspbe~1/picosd~1.1/gcc-ar~1/bin/../lib/gcc/arm-none-eabi/10.3.1/../../../../arm-none-eabi/lib/thumb/v6-m/nofp\libg.a(lib_a-realloc.o) (_realloc_r)
c:/progra~1/raspbe~1/picosd~1.1/gcc-ar~1/bin/../lib/gcc/arm-none-eabi/10.3.1/../../../../arm-none-eabi/lib/thumb/v6-m/nofp\libg.a(lib_a-sbrkr.o)
[...]
Memory Configuration

Name             Origin             Length             Attributes
FLASH            0x10000000         0x00200000         xr
RAM              0x20000000         0x00040000         xrw
SCRATCH_X        0x20040000         0x00001000         xrw
SCRATCH_Y        0x20041000         0x00001000         xrw
*default*        0x00000000         0xffffffff

Linker script and memory map

LOAD c:/progra~1/raspbe~1/picosd~1.1/gcc-ar~1/bin/../lib/gcc/arm-none-eabi/10.3.1/thumb/v6-m/nofp/crti.o
LOAD c:/progra~1/raspbe~1/picosd~1.1/gcc-ar~1/bin/../lib/gcc/arm-none-eabi/10.3.1/thumb/v6-m/nofp/crtbegin.o
LOAD c:/progra~1/raspbe~1/picosd~1.1/gcc-ar~1/bin/../lib/gcc/arm-none-eabi/10.3.1/../../../../arm-none-eabi/lib/thumb/v6-m/nofp/crt0.o

.flash_begin    0x10000000        0x0
                0x10000000                __flash_binary_start = .

.boot2          0x10000000      0x100
                0x10000000                __boot2_start__ = .
 *(.boot2)
 .boot2         0x10000000      0x100 pico-sdk\src\rp2040\boot_stage2\CMakeFiles\bs2_default_library.dir\bs2_default_padded_checksummed.S.obj
                0x10000100                __boot2_end__ = .
                0x00000001                ASSERT (((__boot2_end__ - __boot2_start__) == 0x100), ERROR: Pico second stage bootloader must be 256 bytes in size)

.text           0x10000100     0x34c8
                0x10000100                __logical_binary_start = .
 *(.vectors)
 .vectors       0x10000100       0xd4 CMakeFiles/Test.dir/C_/Users/steoh/.pico-sdk/sdk/2.2.0/src/rp2_common/pico_crt0/crt0.S.obj
                0x10000100                __VECTOR_TABLE
                0x10000100                __vectors
                0x100001c0                isr_irq13
                0x100001c0                isr_irq27
                0x100001c0                isr_irq31
                0x100001c0                isr_irq12
                0x100001c0                isr_irq5
                0x100001c0                isr_irq11
                0x100001c0                isr_irq3
                0x100001c0                isr_irq23
                0x100001c0                __unhandled_user_irq
                0x100001c0                isr_irq26
                0x100001c0                isr_irq28
                0x100001c0                isr_irq19
                0x100001c0                isr_irq0
                0x100001c0                isr_irq6
                0x100001c0                isr_irq29
                0x100001c0                isr_irq16
                0x100001c0                isr_irq22
                0x100001c0                isr_irq18
                0x100001c0                isr_irq17
                0x100001c0                isr_irq14
                0x100001c0                __vectors_end
                0x100001c0                __default_isrs_start
                0x100001c0                isr_irq2
                0x100001c0                isr_irq10
                0x100001c0                isr_irq8
                0x100001c0                isr_irq24
                0x100001c0                isr_irq1
                0x100001c0                isr_irq7
                0x100001c0                isr_irq21
                0x100001c0                isr_irq20
                0x100001c0                isr_irq15
                0x100001c0                isr_irq25
                0x100001c0                isr_irq4
                0x100001c0                isr_irq30
                0x100001c0                isr_irq9
                0x100001c6                unhandled_user_irq_num_in_r0
                0x100001c8                isr_invalid
                0x100001ca                isr_nmi
                0x100001cc                isr_hardfault
                0x100001ce                isr_svcall
                0x100001d0                isr_pendsv
                0x100001d2                isr_systick
                0x100001d4                __default_isrs_end
 *(.binary_info_header)
 .binary_info_header
                0x100001d4       0x14 CMakeFiles/Test.dir/C_/Users/steoh/.pico-sdk/sdk/2.2.0/src/rp2_common/pico_crt0/crt0.S.obj
                0x100001e8                __binary_info_header_end = .
 *(.embedded_block)
                0x100001e8                __embedded_block_end = .
 *(.reset)
 .reset         0x100001e8       0x9c CMakeFiles/Test.dir/C_/Users/steoh/.pico-sdk/sdk/2.2.0/src/rp2_common/pico_crt0/crt0.S.obj
                0x100001e8                _entry_point
 *(.init)
 .init          0x10000284        0x4 c:/progra~1/raspbe~1/picosd~1.1/gcc-ar~1/bin/../lib/gcc/arm-none-eabi/10.3.1/thumb/v6-m/nofp/crti.o
                0x10000284                _init
 *(EXCLUDE_FILE(*libm.a: *libc.a:*lib_a-mem*.o *libgcc.a:) .text*)
 .text          0x10000288       0x48 c:/progra~1/raspbe~1/picosd~1.1/gcc-ar~1/bin/../lib/gcc/arm-none-eabi/10.3.1/thumb/v6-m/nofp/crtbegin.o
 .text.main     0x100002d0       0x34 CMakeFiles/Test.dir/Test.c.obj
                0x100002d0                main
 .text.gpio_set_function
                0x10000304       0x34 CMakeFiles/Test.dir/C_/Users/steoh/.pico-sdk/sdk/2.2.0/src/rp2_common/hardware_gpio/gpio.c.obj
                0x10000304                gpio_set_function
 .text.gpio_init
                0x10000338       0x16 CMakeFiles/Test.dir/C_/Users/steoh/.pico-sdk/sdk/2.2.0/src/rp2_common/hardware_gpio/gpio.c.obj
                0x10000338                gpio_init
 *fill*         0x1000034e        0x2 
 .text.panic    0x10000350       0x30 CMakeFiles/Test.dir/C_/Users/steoh/.pico-sdk/sdk/2.2.0/src/rp2_common/pico_platform_panic/panic.c.obj
                0x10000350                panic
 .text.hw_claim_lock
                0x10000380       0x18 CMakeFiles/Test.dir/C_/Users/steoh/.pico-sdk/sdk/2.2.0/src/common/hardware_claim/claim.c.obj
                0x10000380                hw_claim_lock
 .text.hw_claim_unlock
                0x10000398       0x14 CMakeFiles/Test.dir/C_/Users/steoh/.pico-sdk/sdk/2.2.0/src/common/hardware_claim/claim.c.obj
                0x10000398                hw_claim_unlock
 .text.hw_claim_or_assert
                0x100003ac       0x32 CMakeFiles/Test.dir/C_/Users/steoh/.pico-sdk/sdk/2.2.0/src/common/hardware_claim/claim.c.obj
                0x100003ac                hw_claim_or_assert
 *fill*         0x100003de        0x2 
 .text.next_striped_spin_lock_num
                0x100003e0       0x1c CMakeFiles/Test.dir/C_/Users/steoh/.pico-sdk/sdk/2.2.0/src/rp2_common/hardware_sync/sync.c.obj
                0x100003e0                next_striped_spin_lock_num
 .text.spin_locks_reset
                0x100003fc       0x20 CMakeFiles/Test.dir/C_/Users/steoh/.pico-sdk/sdk/2.2.0/src/rp2_common/hardware_sync_spin_lock/sync_spin_lock.c.obj
                0x100003fc                spin_locks_reset
 .text.set_raw_irq_handler_and_unlock
                0x1000041c       0x28 CMakeFiles/Test.dir/C_/Users/steoh/.pico-sdk/sdk/2.2.0/src/rp2_common/hardware_irq/irq.c.obj
 .text.nvic_ipr0
                0x10000444        0x8 CMakeFiles/Test.dir/C_/Users/steoh/.pico-sdk/sdk/2.2.0/src/rp2_common/hardware_irq/irq.c.obj
 .text.runtime_init_per_core_irq_priorities
                0x1000044c       0x1c CMakeFiles/Test.dir/C_/Users/steoh/.pico-sdk/sdk/2.2.0/src/rp2_common/hardware_irq/irq.c.obj
                0x1000044c                runtime_init_per_core_irq_priorities
 .text.irq_set_mask_n_enabled
                0x10000468       0x1c CMakeFiles/Test.dir/C_/Users/steoh/.pico-sdk/sdk/2.2.0/src/rp2_common/hardware_irq/irq.c.obj
                0x10000468                irq_set_mask_n_enabled
 .text.irq_set_enabled
                0x10000484       0x14 CMakeFiles/Test.dir/C_/Users/steoh/.pico-sdk/sdk/2.2.0/src/rp2_common/hardware_irq/irq.c.obj
                0x10000484                irq_set_enabled
 .text.irq_get_vtable_handler
                0x10000498       0x10 CMakeFiles/Test.dir/C_/Users/steoh/.pico-sdk/sdk/2.2.0/src/rp2_common/hardware_irq/irq.c.obj
                0x10000498                irq_get_vtable_handler
 .text.irq_set_exclusive_handler
                0x100004a8       0x54 CMakeFiles/Test.dir/C_/Users/steoh/.pico-sdk/sdk/2.2.0/src/rp2_common/hardware_irq/irq.c.obj
                0x100004a8                irq_set_exclusive_handler
 .text.lock_init
                0x100004fc       0x10 CMakeFiles/Test.dir/C_/Users/steoh/.pico-sdk/sdk/2.2.0/src/common/pico_sync/lock_core.c.obj
                0x100004fc                lock_init
 .text.mutex_init
                0x1000050c       0x1a CMakeFiles/Test.dir/C_/Users/steoh/.pico-sdk/sdk/2.2.0/src/common/pico_sync/mutex.c.obj
                0x1000050c                mutex_init
 .text.recursive_mutex_init
                0x10000526       0x1e CMakeFiles/Test.dir/C_/Users/steoh/.pico-sdk/sdk/2.2.0/src/common/pico_sync/mutex.c.obj
                0x10000526                recursive_mutex_init
 .text.runtime_init_mutex
                0x10000544       0x4c CMakeFiles/Test.dir/C_/Users/steoh/.pico-sdk/sdk/2.2.0/src/common/pico_sync/mutex.c.obj
                0x10000544                runtime_init_mutex
 .text.make_alarm_id
                0x10000590        0x6 CMakeFiles/Test.dir/C_/Users/steoh/.pico-sdk/sdk/2.2.0/src/common/pico_time/time.c.obj
 *fill*         0x10000596        0x2 
 .text.sleep_until_callback
                0x10000598       0x30 CMakeFiles/Test.dir/C_/Users/steoh/.pico-sdk/sdk/2.2.0/src/common/pico_time/time.c.obj
 .text.alarm_pool_irq_handler
                0x100005c8      0x304 CMakeFiles/Test.dir/C_/Users/steoh/.pico-sdk/sdk/2.2.0/src/common/pico_time/time.c.obj
 .text.alarm_pool_post_alloc_init
                0x100008cc       0x94 CMakeFiles/Test.dir/C_/Users/steoh/.pico-sdk/sdk/2.2.0/src/common/pico_time/time.c.obj
 .text.alarm_pool_get_default
                0x10000960       0x2c CMakeFiles/Test.dir/C_/Users/steoh/.pico-sdk/sdk/2.2.0/src/common/pico_time/time.c.obj
                0x10000960                alarm_pool_get_default
 .text.alarm_pool_add_alarm_at_force_in_context
                0x1000098c       0xb0 CMakeFiles/Test.dir/C_/Users/steoh/.pico-sdk/sdk/2.2.0/src/common/pico_time/time.c.obj
                0x1000098c                alarm_pool_add_alarm_at_force_in_context
 .text.alarm_pool_add_alarm_at
                0x10000a3c       0x3c CMakeFiles/Test.dir/C_/Users/steoh/.pico-sdk/sdk/2.2.0/src/common/pico_time/time.c.obj
                0x10000a3c                alarm_pool_add_alarm_at
 .text.alarm_pool_cancel_alarm
                0x10000a78       0x78 CMakeFiles/Test.dir/C_/Users/steoh/.pico-sdk/sdk/2.2.0/src/common/pico_time/time.c.obj
                0x10000a78                alarm_pool_cancel_alarm
 .text.sleep_until
                0x10000af0       0xc8 CMakeFiles/Test.dir/C_/Users/steoh/.pico-sdk/sdk/2.2.0/src/common/pico_time/time.c.obj
                0x10000af0                sleep_until
 .text.sleep_us
                0x10000bb8       0x24 CMakeFiles/Test.dir/C_/Users/steoh/.pico-sdk/sdk/2.2.0/src/common/pico_time/time.c.obj
                0x10000bb8                sleep_us
 .text.sleep_ms
                0x10000bdc       0x14 CMakeFiles/Test.dir/C_/Users/steoh/.pico-sdk/sdk/2.2.0/src/common/pico_time/time.c.obj
                0x10000bdc                sleep_ms
 .text.best_effort_wfe_or_timeout
                0x10000bf0      0x13c CMakeFiles/Test.dir/C_/Users/steoh/.pico-sdk/sdk/2.2.0/src/common/pico_time/time.c.obj
                0x10000bf0                best_effort_wfe_or_timeout
 .text.alarm_pool_get_default_timer
                0x10000d2c        0x8 CMakeFiles/Test.dir/C_/Users/steoh/.pico-sdk/sdk/2.2.0/src/common/pico_time/time.c.obj
                0x10000d2c                alarm_pool_get_default_timer
 .text.runtime_init_default_alarm_pool
                0x10000d34       0x38 CMakeFiles/Test.dir/C_/Users/steoh/.pico-sdk/sdk/2.2.0/src/common/pico_time/time.c.obj
                0x10000d34                runtime_init_default_alarm_pool
 .text.timer_hardware_alarm_claim
                0x10000d6c       0x14 CMakeFiles/Test.dir/C_/Users/steoh/.pico-sdk/sdk/2.2.0/src/rp2_common/hardware_timer/timer.c.obj
                0x10000d6c                timer_hardware_alarm_claim
 .text.timer_time_us_64
                0x10000d80       0x10 CMakeFiles/Test.dir/C_/Users/steoh/.pico-sdk/sdk/2.2.0/src/rp2_common/hardware_timer/timer.c.obj
                0x10000d80                timer_time_us_64
 .text.timer_busy_wait_until
                0x10000d90       0x1a CMakeFiles/Test.dir/C_/Users/steoh/.pico-sdk/sdk/2.2.0/src/rp2_common/hardware_timer/timer.c.obj
                0x10000d90                timer_busy_wait_until
 *fill*         0x10000daa        0x2 
 .text.time_us_64
                0x10000dac       0x10 CMakeFiles/Test.dir/C_/Users/steoh/.pico-sdk/sdk/2.2.0/src/rp2_common/hardware_timer/timer.c.obj
                0x10000dac                time_us_64
 .text.busy_wait_until
                0x10000dbc       0x14 CMakeFiles/Test.dir/C_/Users/steoh/.pico-sdk/sdk/2.2.0/src/rp2_common/hardware_timer/timer.c.obj
                0x10000dbc                busy_wait_until
 .text.clock_configure_internal
                0x10000dd0       0xc4 CMakeFiles/Test.dir/C_/Users/steoh/.pico-sdk/sdk/2.2.0/src/rp2_common/hardware_clocks/clocks.c.obj
 .text.clock_configure_int_divider
                0x10000e94       0x28 CMakeFiles/Test.dir/C_/Users/steoh/.pico-sdk/sdk/2.2.0/src/rp2_common/hardware_clocks/clocks.c.obj
                0x10000e94                clock_configure_int_divider
 .text.clock_configure_undivided
                0x10000ebc       0x12 CMakeFiles/Test.dir/C_/Users/steoh/.pico-sdk/sdk/2.2.0/src/rp2_common/hardware_clocks/clocks.c.obj
                0x10000ebc                clock_configure_undivided
 *fill*         0x10000ece        0x2 
 .text.clock_get_hz
                0x10000ed0        0xc CMakeFiles/Test.dir/C_/Users/steoh/.pico-sdk/sdk/2.2.0/src/rp2_common/hardware_clocks/clocks.c.obj
                0x10000ed0                clock_get_hz
 .text.pll_init
                0x10000edc      0x120 CMakeFiles/Test.dir/C_/Users/steoh/.pico-sdk/sdk/2.2.0/src/rp2_common/hardware_pll/pll.c.obj
                0x10000edc                pll_init
 .text.tick_start
                0x10000ffc       0x10 CMakeFiles/Test.dir/C_/Users/steoh/.pico-sdk/sdk/2.2.0/src/rp2_common/hardware_ticks/ticks.c.obj
                0x10000ffc                tick_start
 .text.rom_func_lookup
                0x1000100c       0x10 CMakeFiles/Test.dir/C_/Users/steoh/.pico-sdk/sdk/2.2.0/src/rp2_common/pico_bootrom/bootrom.c.obj
                0x1000100c                rom_func_lookup
 .text.rom_data_lookup
                0x1000101c       0x10 CMakeFiles/Test.dir/C_/Users/steoh/.pico-sdk/sdk/2.2.0/src/rp2_common/pico_bootrom/bootrom.c.obj
                0x1000101c                rom_data_lookup
 .text.rom_funcs_lookup
                0x1000102c       0x36 CMakeFiles/Test.dir/C_/Users/steoh/.pico-sdk/sdk/2.2.0/src/rp2_common/pico_bootrom/bootrom.c.obj
                0x1000102c                rom_funcs_lookup
 *fill*         0x10001062        0x2 
 .text.xosc_init
                0x10001064       0x2c CMakeFiles/Test.dir/C_/Users/steoh/.pico-sdk/sdk/2.2.0/src/rp2_common/hardware_xosc/xosc.c.obj
                0x10001064                xosc_init
 .text.runtime_run_initializers_from
                0x10001090       0x18 CMakeFiles/Test.dir/C_/Users/steoh/.pico-sdk/sdk/2.2.0/src/rp2_common/pico_runtime/runtime.c.obj
 .text.first_per_core_initializer
                0x100010a8        0x2 CMakeFiles/Test.dir/C_/Users/steoh/.pico-sdk/sdk/2.2.0/src/rp2_common/pico_runtime/runtime.c.obj
 *fill*         0x100010aa        0x2 
 .text.runtime_run_initializers
                0x100010ac       0x10 CMakeFiles/Test.dir/C_/Users/steoh/.pico-sdk/sdk/2.2.0/src/rp2_common/pico_runtime/runtime.c.obj
                0x100010ac                runtime_run_initializers
 .text.runtime_init_early_resets
                0x100010bc       0x2c CMakeFiles/Test.dir/C_/Users/steoh/.pico-sdk/sdk/2.2.0/src/rp2_common/pico_runtime_init/runtime_init.c.obj
                0x100010bc                runtime_init_early_resets
 .text.runtime_init_usb_power_down
                0x100010e8       0x1c CMakeFiles/Test.dir/C_/Users/steoh/.pico-sdk/sdk/2.2.0/src/rp2_common/pico_runtime_init/runtime_init.c.obj
                0x100010e8                runtime_init_usb_power_down
 .text.runtime_init_post_clock_resets
                0x10001104       0x20 CMakeFiles/Test.dir/C_/Users/steoh/.pico-sdk/sdk/2.2.0/src/rp2_common/pico_runtime_init/runtime_init.c.obj
                0x10001104                runtime_init_post_clock_resets
 .text.runtime_init_rp2040_gpio_ie_disable
                0x10001124       0x14 CMakeFiles/Test.dir/C_/Users/steoh/.pico-sdk/sdk/2.2.0/src/rp2_common/pico_runtime_init/runtime_init.c.obj
                0x10001124                runtime_init_rp2040_gpio_ie_disable
 .text.runtime_init_spin_locks_reset
                0x10001138        0x8 CMakeFiles/Test.dir/C_/Users/steoh/.pico-sdk/sdk/2.2.0/src/rp2_common/pico_runtime_init/runtime_init.c.obj
                0x10001138                runtime_init_spin_locks_reset
 .text.runtime_init_install_ram_vector_table
                0x10001140       0x48 CMakeFiles/Test.dir/C_/Users/steoh/.pico-sdk/sdk/2.2.0/src/rp2_common/pico_runtime_init/runtime_init.c.obj
                0x10001140                runtime_init_install_ram_vector_table
 .text.start_all_ticks
                0x10001188       0x28 CMakeFiles/Test.dir/C_/Users/steoh/.pico-sdk/sdk/2.2.0/src/rp2_common/pico_runtime_init/runtime_init_clocks.c.obj
 .text.runtime_init_clocks
                0x100011b0       0xcc CMakeFiles/Test.dir/C_/Users/steoh/.pico-sdk/sdk/2.2.0/src/rp2_common/pico_runtime_init/runtime_init_clocks.c.obj
                0x100011b0                runtime_init_clocks
 .text          0x1000127c       0x10 CMakeFiles/Test.dir/C_/Users/steoh/.pico-sdk/sdk/2.2.0/src/rp2_common/pico_bit_ops/bit_ops_aeabi.S.obj
 .text.__wrap___aeabi_idiv
                0x1000128c       0x50 CMakeFiles/Test.dir/C_/Users/steoh/.pico-sdk/sdk/2.2.0/src/rp2_common/pico_divider/divider_hardware.S.obj
                0x1000128c                __wrap___aeabi_idivmod
                0x1000128c                divmod_s32s32
                0x1000128c                div_s32s32
                0x1000128c                __wrap___aeabi_idiv
                0x10001294                divmod_s32s32_unsafe
                0x100012c0                divmod_s32s32_savestate
 .text.__wrap___aeabi_uidiv
                0x100012dc       0x4c CMakeFiles/Test.dir/C_/Users/steoh/.pico-sdk/sdk/2.2.0/src/rp2_common/pico_divider/divider_hardware.S.obj
                0x100012dc                __wrap___aeabi_uidiv
                0x100012dc                __wrap___aeabi_uidivmod
                0x100012dc                div_u32u32
                0x100012dc                divmod_u32u32
                0x100012e4                divmod_u32u32_unsafe
                0x1000130c                divmod_u32u32_savestate
 .text.__wrap___aeabi_ldiv
                0x10001328      0x424 CMakeFiles/Test.dir/C_/Users/steoh/.pico-sdk/sdk/2.2.0/src/rp2_common/pico_divider/divider_hardware.S.obj
                0x10001328                div_s64s64
                0x10001328                divmod_s64s64
                0x10001328                __wrap___aeabi_ldivmod
                0x10001358                divmod_u64u64
                0x10001358                div_u64u64
                0x10001358                __wrap___aeabi_uldivmod
                0x10001368                divmod_u64u64_savestate
                0x10001388                divmod_s64s64_unsafe
                0x10001410                divmod_u64u64_unsafe
 .text.__wrap___aeabi_darithmetic
                0x1000174c       0x80 CMakeFiles/Test.dir/C_/Users/steoh/.pico-sdk/sdk/2.2.0/src/rp2_common/pico_double/double_aeabi_rp2040.S.obj
                0x1000174c                __wrap___aeabi_drsub
                0x10001752                __wrap___aeabi_dsub
                0x10001764                __wrap___aeabi_dadd
                0x10001776                __wrap___aeabi_ddiv
                0x100017b2                __wrap___aeabi_dmul
 .text.__wrap___aeabi_cdcmple
                0x100017cc       0x6c CMakeFiles/Test.dir/C_/Users/steoh/.pico-sdk/sdk/2.2.0/src/rp2_common/pico_double/double_aeabi_rp2040.S.obj
                0x100017cc                __wrap___aeabi_cdrcmple
                0x100017dc                __wrap___aeabi_cdcmpeq
                0x100017dc                __wrap___aeabi_cdcmple
 .text.__wrap___aeabi_dcmplt
                0x10001838        0xc CMakeFiles/Test.dir/C_/Users/steoh/.pico-sdk/sdk/2.2.0/src/rp2_common/pico_double/double_aeabi_rp2040.S.obj
                0x10001838                __wrap___aeabi_dcmplt
 .text.__wrap___aeabi_dcmple
                0x10001844       0x10 CMakeFiles/Test.dir/C_/Users/steoh/.pico-sdk/sdk/2.2.0/src/rp2_common/pico_double/double_aeabi_rp2040.S.obj
                0x10001844                __wrap___aeabi_dcmple
 .text.__wrap___aeabi_dcmpge
                0x10001854       0x10 CMakeFiles/Test.dir/C_/Users/steoh/.pico-sdk/sdk/2.2.0/src/rp2_common/pico_double/double_aeabi_rp2040.S.obj
                0x10001854                __wrap___aeabi_dcmpge
 .text.__wrap___aeabi_dcmpgt
                0x10001864        0xa CMakeFiles/Test.dir/C_/Users/steoh/.pico-sdk/sdk/2.2.0/src/rp2_common/pico_double/double_aeabi_rp2040.S.obj
                0x10001864                __wrap___aeabi_dcmpgt
 .text.__wrap___aeabi_dcmpun
                0x1000186e       0x18 CMakeFiles/Test.dir/C_/Users/steoh/.pico-sdk/sdk/2.2.0/src/rp2_common/pico_double/double_aeabi_rp2040.S.obj
                0x1000186e                __wrap___aeabi_dcmpun
 *fill*         0x10001886        0x2 
 .text.__wrap___aeabi_i2d
                0x10001888       0x38 CMakeFiles/Test.dir/C_/Users/steoh/.pico-sdk/sdk/2.2.0/src/rp2_common/pico_double/double_aeabi_rp2040.S.obj
                0x10001888                uint2double
                0x10001888                __wrap___aeabi_ui2d
                0x10001890                int2double
                0x10001890                __wrap___aeabi_i2d
 .text.__wrap___aeabi_d2iz
                0x100018c0       0x48 CMakeFiles/Test.dir/C_/Users/steoh/.pico-sdk/sdk/2.2.0/src/rp2_common/pico_double/double_aeabi_rp2040.S.obj
                0x100018c0                double2int_z
                0x100018c0                __wrap___aeabi_d2iz
 .text.__wrap___aeabi_d2uiz
                0x10001908       0x18 CMakeFiles/Test.dir/C_/Users/steoh/.pico-sdk/sdk/2.2.0/src/rp2_common/pico_double/double_aeabi_rp2040.S.obj
                0x10001908                double2uint
                0x10001908                __wrap___aeabi_d2uiz
                0x10001908                double2uint_z
 .text.__aeabi_double_init
                0x10001920       0xc8 CMakeFiles/Test.dir/C_/Users/steoh/.pico-sdk/sdk/2.2.0/src/rp2_common/pico_double/double_init_rom_rp2040.c.obj
                0x10001920                __aeabi_double_init
 .text.double_table_shim_on_use_helper
                0x100019e8       0x34 CMakeFiles/Test.dir/C_/Users/steoh/.pico-sdk/sdk/2.2.0/src/rp2_common/pico_double/double_v1_rom_shim_rp2040.S.obj
                0x100019e8                double_table_shim_on_use_helper
 .text.__wrap___aeabi_dsub
                0x10001a1c       0x10 CMakeFiles/Test.dir/C_/Users/steoh/.pico-sdk/sdk/2.2.0/src/rp2_common/pico_double/double_v1_rom_shim_rp2040.S.obj
                0x10001a1c                drsub_shim
                0x10001a22                dsub_shim
 .text.dadd_shim
                0x10001a2c      0x15c CMakeFiles/Test.dir/C_/Users/steoh/.pico-sdk/sdk/2.2.0/src/rp2_common/pico_double/double_v1_rom_shim_rp2040.S.obj
                0x10001a2c                dadd_shim
 .text.dmul_shim
                0x10001b88      0x15c CMakeFiles/Test.dir/C_/Users/steoh/.pico-sdk/sdk/2.2.0/src/rp2_common/pico_double/double_v1_rom_shim_rp2040.S.obj
                0x10001b88                dmul_shim
 .text.ddiv_shim
                0x10001ce4      0x1b0 CMakeFiles/Test.dir/C_/Users/steoh/.pico-sdk/sdk/2.2.0/src/rp2_common/pico_double/double_v1_rom_shim_rp2040.S.obj
                0x10001ce4                ddiv_shim
 .text.double2uint_shim
                0x10001e94        0xe CMakeFiles/Test.dir/C_/Users/steoh/.pico-sdk/sdk/2.2.0/src/rp2_common/pico_double/double_v1_rom_shim_rp2040.S.obj
                0x10001e94                double2uint_shim
                0x10001e96                double2ufix_shim
 *fill*         0x10001ea2        0x2 
 .text.double2uint64_shim
                0x10001ea4       0x70 CMakeFiles/Test.dir/C_/Users/steoh/.pico-sdk/sdk/2.2.0/src/rp2_common/pico_double/double_v1_rom_shim_rp2040.S.obj
                0x10001ea4                double2uint64_shim
                0x10001ea6                double2ufix64_shim
                0x10001ec6                d2fix_a
 .text.dunpacks
                0x10001f14       0x3c CMakeFiles/Test.dir/C_/Users/steoh/.pico-sdk/sdk/2.2.0/src/rp2_common/pico_double/double_v1_rom_shim_rp2040.S.obj
                0x10001f14                dunpacks
 .text.__aeabi_lmul
                0x10001f50       0x32 CMakeFiles/Test.dir/C_/Users/steoh/.pico-sdk/sdk/2.2.0/src/rp2_common/pico_int64_ops/pico_int64_ops_aeabi.S.obj
                0x10001f50                __wrap___aeabi_lmul
 *fill*         0x10001f82        0x2 
 .text.__aeabi_float_init
                0x10001f84       0xfc CMakeFiles/Test.dir/C_/Users/steoh/.pico-sdk/sdk/2.2.0/src/rp2_common/pico_float/float_init_rom_rp2040.c.obj
                0x10001f84                __aeabi_float_init
 .text.float_table_shim_on_use_helper
                0x10002080       0x34 CMakeFiles/Test.dir/C_/Users/steoh/.pico-sdk/sdk/2.2.0/src/rp2_common/pico_float/float_v1_rom_shim_rp2040.S.obj
                0x10002080                float_table_shim_on_use_helper
 .text          0x100020b4       0x10 CMakeFiles/Test.dir/C_/Users/steoh/.pico-sdk/sdk/2.2.0/src/rp2_common/pico_mem_ops/mem_ops_aeabi.S.obj
                0x100020b4                __aeabi_mem_init
 .text.memcpy   0x100020c4        0xc CMakeFiles/Test.dir/C_/Users/steoh/.pico-sdk/sdk/2.2.0/src/rp2_common/pico_mem_ops/mem_ops_aeabi.S.obj
                0x100020c4                __wrap_memcpy
                0x100020c4                __wrap___aeabi_memcpy
 .text._out_null
                0x100020d0        0x2 CMakeFiles/Test.dir/C_/Users/steoh/.pico-sdk/sdk/2.2.0/src/rp2_common/pico_printf/printf.c.obj
 .text._out_fct
                0x100020d2        0xe CMakeFiles/Test.dir/C_/Users/steoh/.pico-sdk/sdk/2.2.0/src/rp2_common/pico_printf/printf.c.obj
 .text._atoi    0x100020e0       0x24 CMakeFiles/Test.dir/C_/Users/steoh/.pico-sdk/sdk/2.2.0/src/rp2_common/pico_printf/printf.c.obj
 .text._out_rev
                0x10002104       0xae CMakeFiles/Test.dir/C_/Users/steoh/.pico-sdk/sdk/2.2.0/src/rp2_common/pico_printf/printf.c.obj
 .text._ntoa_format
                0x100021b2      0x112 CMakeFiles/Test.dir/C_/Users/steoh/.pico-sdk/sdk/2.2.0/src/rp2_common/pico_printf/printf.c.obj
 .text._ntoa_long
                0x100022c4       0xbc CMakeFiles/Test.dir/C_/Users/steoh/.pico-sdk/sdk/2.2.0/src/rp2_common/pico_printf/printf.c.obj
 .text._ntoa_long_long
                0x10002380       0xe2 CMakeFiles/Test.dir/C_/Users/steoh/.pico-sdk/sdk/2.2.0/src/rp2_common/pico_printf/printf.c.obj
 *fill*         0x10002462        0x2 
 .text._etoa    0x10002464      0x414 CMakeFiles/Test.dir/C_/Users/steoh/.pico-sdk/sdk/2.2.0/src/rp2_common/pico_printf/printf.c.obj
 .text._ftoa    0x10002878      0x354 CMakeFiles/Test.dir/C_/Users/steoh/.pico-sdk/sdk/2.2.0/src/rp2_common/pico_printf/printf.c.obj
 .text._vsnprintf
                0x10002bcc      0x624 CMakeFiles/Test.dir/C_/Users/steoh/.pico-sdk/sdk/2.2.0/src/rp2_common/pico_printf/printf.c.obj
 .text.vfctprintf
                0x100031f0       0x20 CMakeFiles/Test.dir/C_/Users/steoh/.pico-sdk/sdk/2.2.0/src/rp2_common/pico_printf/printf.c.obj
                0x100031f0                vfctprintf
 .text._exit    0x10003210        0x4 CMakeFiles/Test.dir/C_/Users/steoh/.pico-sdk/sdk/2.2.0/src/rp2_common/pico_clib_interface/newlib_interface.c.obj
                0x10003210                _exit
 .text.exit     0x10003214        0x6 CMakeFiles/Test.dir/C_/Users/steoh/.pico-sdk/sdk/2.2.0/src/rp2_common/pico_clib_interface/newlib_interface.c.obj
                0x10003214                exit
 *fill*         0x1000321a        0x2 
 .text.__assert_func
                0x1000321c       0x3c CMakeFiles/Test.dir/C_/Users/steoh/.pico-sdk/sdk/2.2.0/src/rp2_common/pico_clib_interface/newlib_interface.c.obj
                0x1000321c                __assert_func
 .text.runtime_init
                0x10003258       0x28 CMakeFiles/Test.dir/C_/Users/steoh/.pico-sdk/sdk/2.2.0/src/rp2_common/pico_clib_interface/newlib_interface.c.obj
                0x10003258                runtime_init
 .text.stdio_out_chars_no_crlf
                0x10003280        0xe CMakeFiles/Test.dir/C_/Users/steoh/.pico-sdk/sdk/2.2.0/src/rp2_common/pico_stdio/stdio.c.obj
 *fill*         0x1000328e        0x2 
 .text.stdio_out_chars_crlf
                0x10003290       0x80 CMakeFiles/Test.dir/C_/Users/steoh/.pico-sdk/sdk/2.2.0/src/rp2_common/pico_stdio/stdio.c.obj
 .text.stdio_stack_buffer_flush
                0x10003310       0x44 CMakeFiles/Test.dir/C_/Users/steoh/.pico-sdk/sdk/2.2.0/src/rp2_common/pico_stdio/stdio.c.obj
 .text.stdio_buffered_printer
                0x10003354       0x20 CMakeFiles/Test.dir/C_/Users/steoh/.pico-sdk/sdk/2.2.0/src/rp2_common/pico_stdio/stdio.c.obj
 .text.stdout_serialize_begin
                0x10003374       0x30 CMakeFiles/Test.dir/C_/Users/steoh/.pico-sdk/sdk/2.2.0/src/rp2_common/pico_stdio/stdio.c.obj
                0x10003374                stdout_serialize_begin
 .text.stdout_serialize_end
                0x100033a4       0x10 CMakeFiles/Test.dir/C_/Users/steoh/.pico-sdk/sdk/2.2.0/src/rp2_common/pico_stdio/stdio.c.obj
                0x100033a4                stdout_serialize_end
 .text.stdio_put_string
                0x100033b4       0x94 CMakeFiles/Test.dir/C_/Users/steoh/.pico-sdk/sdk/2.2.0/src/rp2_common/pico_stdio/stdio.c.obj
                0x100033b4                stdio_put_string
 .text.stdio_flush
                0x10003448       0x20 CMakeFiles/Test.dir/C_/Users/steoh/.pico-sdk/sdk/2.2.0/src/rp2_common/pico_stdio/stdio.c.obj
                0x10003448                stdio_flush
 .text.stdio_init_all
                0x10003468        0x4 CMakeFiles/Test.dir/C_/Users/steoh/.pico-sdk/sdk/2.2.0/src/rp2_common/pico_stdio/stdio.c.obj
                0x10003468                stdio_init_all
 .text.__wrap_puts
                0x1000346c       0x1e CMakeFiles/Test.dir/C_/Users/steoh/.pico-sdk/sdk/2.2.0/src/rp2_common/pico_stdio/stdio.c.obj
                0x1000346c                stdio_puts
                0x1000346c                __wrap_puts
 *fill*         0x1000348a        0x2 
 .text.__wrap_vprintf
                0x1000348c       0x40 CMakeFiles/Test.dir/C_/Users/steoh/.pico-sdk/sdk/2.2.0/src/rp2_common/pico_stdio/stdio.c.obj
                0x1000348c                stdio_vprintf
                0x1000348c                __wrap_vprintf
 .text.__wrap_printf
                0x100034cc       0x18 CMakeFiles/Test.dir/C_/Users/steoh/.pico-sdk/sdk/2.2.0/src/rp2_common/pico_stdio/stdio.c.obj
                0x100034cc                __wrap_printf
                0x100034cc                stdio_printf
 .text.strlen   0x100034e4       0x5c c:/progra~1/raspbe~1/picosd~1.1/gcc-ar~1/bin/../lib/gcc/arm-none-eabi/10.3.1/../../../../arm-none-eabi/lib/thumb/v6-m/nofp\libg.a(lib_a-strlen-stub.o)
                0x100034e4                strlen
 *(.fini)
 .fini          0x10003540        0x4 c:/progra~1/raspbe~1/picosd~1.1/gcc-ar~1/bin/../lib/gcc/arm-none-eabi/10.3.1/thumb/v6-m/nofp/crti.o
                0x10003540                _fini
 *fill*         0x10003544        0x4 
 .fini.__stub   0x10003548       0x40 linker stubs
 *crtbegin.o(.ctors)
 *crtbegin?.o(.ctors)
 *(EXCLUDE_FILE(*crtend.o *crtend?.o) .ctors)
 *(SORT_BY_NAME(.ctors.*))
 *(.ctors)
 *crtbegin.o(.dtors)
 *crtbegin?.o(.dtors)
 *(EXCLUDE_FILE(*crtend.o *crtend?.o) .dtors)
 *(SORT_BY_NAME(.dtors.*))
 *(.dtors)
                0x10003588                . = ALIGN (0x4)
                0x10003588                PROVIDE (__preinit_array_start = .)
 *(SORT_BY_NAME(.preinit_array.*))
 .preinit_array.00100
                0x10003588        0x4 CMakeFiles/Test.dir/C_/Users/steoh/.pico-sdk/sdk/2.2.0/src/rp2_common/pico_runtime_init/runtime_init.c.obj
                0x10003588                __pre_init_runtime_init_early_resets
 .preinit_array.00101
                0x1000358c        0x4 CMakeFiles/Test.dir/C_/Users/steoh/.pico-sdk/sdk/2.2.0/src/rp2_common/pico_runtime_init/runtime_init.c.obj
                0x1000358c                __pre_init_runtime_init_usb_power_down
 .preinit_array.00275
                0x10003590        0x4 CMakeFiles/Test.dir/C_/Users/steoh/.pico-sdk/sdk/2.2.0/src/rp2_common/pico_bit_ops/bit_ops_aeabi.S.obj
 .preinit_array.00300
                0x10003594        0x4 CMakeFiles/Test.dir/C_/Users/steoh/.pico-sdk/sdk/2.2.0/src/rp2_common/pico_mem_ops/mem_ops_aeabi.S.obj
 .preinit_array.00350
                0x10003598        0x4 CMakeFiles/Test.dir/C_/Users/steoh/.pico-sdk/sdk/2.2.0/src/rp2_common/pico_double/double_aeabi_rp2040.S.obj
 .preinit_array.00350
                0x1000359c        0x4 CMakeFiles/Test.dir/C_/Users/steoh/.pico-sdk/sdk/2.2.0/src/rp2_common/pico_float/float_aeabi_rp2040.S.obj
 .preinit_array.00500
                0x100035a0        0x4 CMakeFiles/Test.dir/C_/Users/steoh/.pico-sdk/sdk/2.2.0/src/rp2_common/pico_runtime_init/runtime_init.c.obj
                0x100035a0                __pre_init_runtime_init_clocks
 .preinit_array.00600
                0x100035a4        0x4 CMakeFiles/Test.dir/C_/Users/steoh/.pico-sdk/sdk/2.2.0/src/rp2_common/pico_runtime_init/runtime_init.c.obj
                0x100035a4                __pre_init_runtime_init_post_clock_resets
 .preinit_array.00700
                0x100035a8        0x4 CMakeFiles/Test.dir/C_/Users/steoh/.pico-sdk/sdk/2.2.0/src/rp2_common/pico_runtime_init/runtime_init.c.obj
                0x100035a8                __pre_init_runtime_init_rp2040_gpio_ie_disable
 .preinit_array.01000
                0x100035ac        0x4 CMakeFiles/Test.dir/C_/Users/steoh/.pico-sdk/sdk/2.2.0/src/rp2_common/pico_runtime_init/runtime_init.c.obj
                0x100035ac                __pre_init_runtime_init_spin_locks_reset
 .preinit_array.01100
                0x100035b0        0x4 CMakeFiles/Test.dir/C_/Users/steoh/.pico-sdk/sdk/2.2.0/src/common/pico_sync/mutex.c.obj
                0x100035b0                __pre_init_runtime_init_mutex
 .preinit_array.10080
                0x100035b4        0x4 CMakeFiles/Test.dir/C_/Users/steoh/.pico-sdk/sdk/2.2.0/src/rp2_common/pico_runtime_init/runtime_init.c.obj
                0x100035b4                __pre_init_runtime_init_install_ram_vector_table
 .preinit_array.11000
                0x100035b8        0x4 CMakeFiles/Test.dir/C_/Users/steoh/.pico-sdk/sdk/2.2.0/src/common/pico_time/time.c.obj
                0x100035b8                __pre_init_runtime_init_default_alarm_pool
 .preinit_array.YYYYY
                0x100035bc        0x4 CMakeFiles/Test.dir/C_/Users/steoh/.pico-sdk/sdk/2.2.0/src/rp2_common/pico_runtime/runtime.c.obj
                0x100035bc                __pre_init_first_per_core_initializer
 .preinit_array.ZZZZZ.01200
                0x100035c0        0x4 CMakeFiles/Test.dir/C_/Users/steoh/.pico-sdk/sdk/2.2.0/src/rp2_common/hardware_irq/irq.c.obj
                0x100035c0                __pre_init_runtime_init_per_core_irq_priorities
 *(.preinit_array)
                0x100035c4                PROVIDE (__preinit_array_end = .)
                0x100035c4                . = ALIGN (0x4)
                0x100035c4                PROVIDE (__init_array_start = .)
 *(SORT_BY_NAME(.init_array.*))
 *(.init_array)
 .init_array    0x100035c4        0x4 c:/progra~1/raspbe~1/picosd~1.1/gcc-ar~1/bin/../lib/gcc/arm-none-eabi/10.3.1/thumb/v6-m/nofp/crtbegin.o
                0x100035c8                PROVIDE (__init_array_end = .)
                0x100035c8                . = ALIGN (0x4)
                [!provide]                PROVIDE (__fini_array_start = .)
 *(SORT_BY_NAME(.fini_array.*))
 *(.fini_array)
                [!provide]                PROVIDE (__fini_array_end = .)
 *(.eh_frame*)
 .eh_frame      0x100035c8        0x0 c:/progra~1/raspbe~1/picosd~1.1/gcc-ar~1/bin/../lib/gcc/arm-none-eabi/10.3.1/thumb/v6-m/nofp/crtbegin.o
                0x100035c8                . = ALIGN (0x4)

.glue_7         0x100035c8        0x0
 .glue_7        0x100035c8        0x0 linker stubs

.glue_7t        0x100035c8        0x0
 .glue_7t       0x100035c8        0x0 linker stubs

.vfp11_veneer   0x100035c8        0x0
 .vfp11_veneer  0x100035c8        0x0 linker stubs

.v4_bx          0x100035c8        0x0
 .v4_bx         0x100035c8        0x0 linker stubs

.iplt           0x100035c8        0x0
 .iplt          0x100035c8        0x0 c:/progra~1/raspbe~1/picosd~1.1/gcc-ar~1/bin/../lib/gcc/arm-none-eabi/10.3.1/thumb/v6-m/nofp/crtbegin.o

.rodata         0x100035c8      0x8a4
 *(EXCLUDE_FILE(*libm.a: *libc.a:*lib_a-mem*.o *libgcc.a:) .rodata*)
 .rodata.panic.str1.4
                0x100035c8       0x12 CMakeFiles/Test.dir/C_/Users/steoh/.pico-sdk/sdk/2.2.0/src/rp2_common/pico_platform_panic/panic.c.obj
 *fill*         0x100035da        0x2 
 .rodata.make_j_16.str1.4
                0x100035dc       0x75 CMakeFiles/Test.dir/C_/Users/steoh/.pico-sdk/sdk/2.2.0/src/rp2_common/hardware_irq/irq.c.obj
 *fill*         0x10003651        0x3 
 .rodata.irq_set_exclusive_handler.str1.4
                0x10003654       0x36 CMakeFiles/Test.dir/C_/Users/steoh/.pico-sdk/sdk/2.2.0/src/rp2_common/hardware_irq/irq.c.obj
 *fill*         0x1000368a        0x2 
 .rodata.__func__.6
                0x1000368c       0x1a CMakeFiles/Test.dir/C_/Users/steoh/.pico-sdk/sdk/2.2.0/src/rp2_common/hardware_irq/irq.c.obj
 *fill*         0x100036a6        0x2 
 .rodata.runtime_init_mutex.str1.4
                0x100036a8       0x60 CMakeFiles/Test.dir/C_/Users/steoh/.pico-sdk/sdk/2.2.0/src/common/pico_sync/mutex.c.obj
 .rodata.str1.4
                0x10003708       0x51 CMakeFiles/Test.dir/C_/Users/steoh/.pico-sdk/sdk/2.2.0/src/common/pico_sync/mutex.c.obj
 *fill*         0x10003759        0x3 
 .rodata.__func__.1
                0x1000375c        0xb CMakeFiles/Test.dir/C_/Users/steoh/.pico-sdk/sdk/2.2.0/src/common/pico_sync/mutex.c.obj
 *fill*         0x10003767        0x1 
 .rodata.__func__.3
                0x10003768       0x18 CMakeFiles/Test.dir/C_/Users/steoh/.pico-sdk/sdk/2.2.0/src/common/pico_sync/mutex.c.obj
 .rodata.__func__.6
                0x10003780       0x13 CMakeFiles/Test.dir/C_/Users/steoh/.pico-sdk/sdk/2.2.0/src/common/pico_sync/mutex.c.obj
 *fill*         0x10003793        0x1 
 .rodata.alarm_pool_irq_handler.str1.4
                0x10003794       0x6b CMakeFiles/Test.dir/C_/Users/steoh/.pico-sdk/sdk/2.2.0/src/common/pico_time/time.c.obj
 *fill*         0x100037ff        0x1 
 .rodata.alarm_pool_get_default.str1.4
                0x10003800       0x21 CMakeFiles/Test.dir/C_/Users/steoh/.pico-sdk/sdk/2.2.0/src/common/pico_time/time.c.obj
 *fill*         0x10003821        0x3 
 .rodata.sleep_until.str1.4
                0x10003824       0x4d CMakeFiles/Test.dir/C_/Users/steoh/.pico-sdk/sdk/2.2.0/src/common/pico_time/time.c.obj
 *fill*         0x10003871        0x3 
 .rodata.__func__.1
                0x10003874       0x17 CMakeFiles/Test.dir/C_/Users/steoh/.pico-sdk/sdk/2.2.0/src/common/pico_time/time.c.obj
 *fill*         0x1000388b        0x1 
 .rodata.__func__.2
                0x1000388c       0x17 CMakeFiles/Test.dir/C_/Users/steoh/.pico-sdk/sdk/2.2.0/src/common/pico_time/time.c.obj
 *fill*         0x100038a3        0x1 
 .rodata.timer_hardware_alarm_claim.str1.4
                0x100038a4       0x22 CMakeFiles/Test.dir/C_/Users/steoh/.pico-sdk/sdk/2.2.0/src/rp2_common/hardware_timer/timer.c.obj
 *fill*         0x100038c6        0x2 
 .rodata.pll_init.str1.4
                0x100038c8      0x11c CMakeFiles/Test.dir/C_/Users/steoh/.pico-sdk/sdk/2.2.0/src/rp2_common/hardware_pll/pll.c.obj
 .rodata.__func__.0
                0x100039e4        0x9 CMakeFiles/Test.dir/C_/Users/steoh/.pico-sdk/sdk/2.2.0/src/rp2_common/hardware_pll/pll.c.obj
 *fill*         0x100039ed        0x3 
 .rodata.__aeabi_double_init.str1.4
                0x100039f0       0x9b CMakeFiles/Test.dir/C_/Users/steoh/.pico-sdk/sdk/2.2.0/src/rp2_common/pico_double/double_init_rom_rp2040.c.obj
 *fill*         0x10003a8b        0x1 
 .rodata.__func__.0
                0x10003a8c       0x14 CMakeFiles/Test.dir/C_/Users/steoh/.pico-sdk/sdk/2.2.0/src/rp2_common/pico_double/double_init_rom_rp2040.c.obj
 .rodata.__aeabi_float_init.str1.4
                0x10003aa0       0x89 CMakeFiles/Test.dir/C_/Users/steoh/.pico-sdk/sdk/2.2.0/src/rp2_common/pico_float/float_init_rom_rp2040.c.obj
                                 0x8d (size before relaxing)
 *fill*         0x10003b29        0x3 
 .rodata.__func__.0
                0x10003b2c       0x13 CMakeFiles/Test.dir/C_/Users/steoh/.pico-sdk/sdk/2.2.0/src/rp2_common/pico_float/float_init_rom_rp2040.c.obj
 *fill*         0x10003b3f        0x1 
 .rodata.str1.4
                0x10003b40       0x40 CMakeFiles/Test.dir/C_/Users/steoh/.pico-sdk/sdk/2.2.0/src/rp2_common/pico_standard_binary_info/standard_binary_info.c.obj
 .rodata.__bi_26
                0x10003b80        0xc CMakeFiles/Test.dir/C_/Users/steoh/.pico-sdk/sdk/2.2.0/src/rp2_common/pico_standard_binary_info/standard_binary_info.c.obj
 .rodata.__bi_34
                0x10003b8c        0xc CMakeFiles/Test.dir/C_/Users/steoh/.pico-sdk/sdk/2.2.0/src/rp2_common/pico_standard_binary_info/standard_binary_info.c.obj
 .rodata.__bi_42
                0x10003b98        0xc CMakeFiles/Test.dir/C_/Users/steoh/.pico-sdk/sdk/2.2.0/src/rp2_common/pico_standard_binary_info/standard_binary_info.c.obj
 .rodata.__bi_48
                0x10003ba4        0xc CMakeFiles/Test.dir/C_/Users/steoh/.pico-sdk/sdk/2.2.0/src/rp2_common/pico_standard_binary_info/standard_binary_info.c.obj
 .rodata.__bi_54
                0x10003bb0        0xc CMakeFiles/Test.dir/C_/Users/steoh/.pico-sdk/sdk/2.2.0/src/rp2_common/pico_standard_binary_info/standard_binary_info.c.obj
 .rodata.__bi_60
                0x10003bbc        0xc CMakeFiles/Test.dir/C_/Users/steoh/.pico-sdk/sdk/2.2.0/src/rp2_common/pico_standard_binary_info/standard_binary_info.c.obj
 .rodata.__bi_78
                0x10003bc8        0xc CMakeFiles/Test.dir/C_/Users/steoh/.pico-sdk/sdk/2.2.0/src/rp2_common/pico_standard_binary_info/standard_binary_info.c.obj
 .rodata.__bi_84
                0x10003bd4        0xc CMakeFiles/Test.dir/C_/Users/steoh/.pico-sdk/sdk/2.2.0/src/rp2_common/pico_standard_binary_info/standard_binary_info.c.obj
 .rodata._ftoa.str1.4
                0x10003be0       0x15 CMakeFiles/Test.dir/C_/Users/steoh/.pico-sdk/sdk/2.2.0/src/rp2_common/pico_printf/printf.c.obj
 *fill*         0x10003bf5        0x3 
 .rodata._vsnprintf
                0x10003bf8      0x1e0 CMakeFiles/Test.dir/C_/Users/steoh/.pico-sdk/sdk/2.2.0/src/rp2_common/pico_printf/printf.c.obj
 .rodata.pow10.0
                0x10003dd8       0x50 CMakeFiles/Test.dir/C_/Users/steoh/.pico-sdk/sdk/2.2.0/src/rp2_common/pico_printf/printf.c.obj
 .rodata.__assert_func.str1.4
                0x10003e28       0x3f CMakeFiles/Test.dir/C_/Users/steoh/.pico-sdk/sdk/2.2.0/src/rp2_common/pico_clib_interface/newlib_interface.c.obj
                                 0x43 (size before relaxing)
 *fill*         0x10003e67        0x1 
 .rodata.crlf_str.0
                0x10003e68        0x2 CMakeFiles/Test.dir/C_/Users/steoh/.pico-sdk/sdk/2.2.0/src/rp2_common/pico_stdio/stdio.c.obj
                0x10003e6c                . = ALIGN (0x4)
 *fill*         0x10003e6a        0x2 
 *(SORT_BY_ALIGNMENT(SORT_BY_NAME(.flashdata*)))
                0x10003e6c                . = ALIGN (0x4)

.ARM.extab
 *(.ARM.extab* .gnu.linkonce.armextab.*)
                0x10003e6c                __exidx_start = .

.ARM.exidx
 *(.ARM.exidx* .gnu.linkonce.armexidx.*)
                0x10003e6c                __exidx_end = .
                0x10003e6c                . = ALIGN (0x4)
                0x10003e6c                __binary_info_start = .

.binary_info    0x10003e6c       0x20
 *(.binary_info.keep.*)
 .binary_info.keep.__bi_ptr26
                0x10003e6c        0x4 CMakeFiles/Test.dir/C_/Users/steoh/.pico-sdk/sdk/2.2.0/src/rp2_common/pico_standard_binary_info/standard_binary_info.c.obj
 .binary_info.keep.__bi_ptr34
                0x10003e70        0x4 CMakeFiles/Test.dir/C_/Users/steoh/.pico-sdk/sdk/2.2.0/src/rp2_common/pico_standard_binary_info/standard_binary_info.c.obj
 .binary_info.keep.__bi_ptr42
                0x10003e74        0x4 CMakeFiles/Test.dir/C_/Users/steoh/.pico-sdk/sdk/2.2.0/src/rp2_common/pico_standard_binary_info/standard_binary_info.c.obj
 .binary_info.keep.__bi_ptr48
                0x10003e78        0x4 CMakeFiles/Test.dir/C_/Users/steoh/.pico-sdk/sdk/2.2.0/src/rp2_common/pico_standard_binary_info/standard_binary_info.c.obj
 .binary_info.keep.__bi_ptr54
                0x10003e7c        0x4 CMakeFiles/Test.dir/C_/Users/steoh/.pico-sdk/sdk/2.2.0/src/rp2_common/pico_standard_binary_info/standard_binary_info.c.obj
 .binary_info.keep.__bi_ptr60
                0x10003e80        0x4 CMakeFiles/Test.dir/C_/Users/steoh/.pico-sdk/sdk/2.2.0/src/rp2_common/pico_standard_binary_info/standard_binary_info.c.obj
 .binary_info.keep.__bi_ptr78
                0x10003e84        0x4 CMakeFiles/Test.dir/C_/Users/steoh/.pico-sdk/sdk/2.2.0/src/rp2_common/pico_standard_binary_info/standard_binary_info.c.obj
 .binary_info.keep.__bi_ptr84
                0x10003e88        0x4 CMakeFiles/Test.dir/C_/Users/steoh/.pico-sdk/sdk/2.2.0/src/rp2_common/pico_standard_binary_info/standard_binary_info.c.obj
 *(.binary_info.*)
                0x10003e8c                __binary_info_end = .
                0x10003e8c                . = ALIGN (0x4)

.ram_vector_table
                0x20000000       0xc0
 *(.ram_vector_table)
 .ram_vector_table
                0x20000000       0xc0 CMakeFiles/Test.dir/C_/Users/steoh/.pico-sdk/sdk/2.2.0/src/rp2_common/pico_runtime_init/runtime_init.c.obj
                0x20000000                ram_vector_table

.uninitialized_data
                0x200000c0        0x0
                0x200000c0                . = ALIGN (0x4)
 *(.uninitialized_data*)

.data           0x200000c0      0x1c8 load address 0x10003e8c
                0x200000c0                __data_start__ = .
 *(vtable)
 *(.time_critical*)
 .time_critical.mutex_try_enter
                0x200000c0       0x46 CMakeFiles/Test.dir/C_/Users/steoh/.pico-sdk/sdk/2.2.0/src/common/pico_sync/mutex.c.obj
                0x200000c0                mutex_try_enter
 *fill*         0x20000106        0x2 
 .time_critical.mutex_enter_block_until
                0x20000108       0x8c CMakeFiles/Test.dir/C_/Users/steoh/.pico-sdk/sdk/2.2.0/src/common/pico_sync/mutex.c.obj
                0x20000108                mutex_enter_block_until
 .time_critical.mutex_try_enter_block_until
                0x20000194       0x34 CMakeFiles/Test.dir/C_/Users/steoh/.pico-sdk/sdk/2.2.0/src/common/pico_sync/mutex.c.obj
                0x20000194                mutex_try_enter_block_until
 .time_critical.mutex_exit
                0x200001c8       0x4c CMakeFiles/Test.dir/C_/Users/steoh/.pico-sdk/sdk/2.2.0/src/common/pico_sync/mutex.c.obj
                0x200001c8                mutex_exit
 *(.text*)
 .text          0x20000214        0x4 c:/progra~1/raspbe~1/picosd~1.1/gcc-ar~1/bin/../lib/gcc/arm-none-eabi/10.3.1/thumb/v6-m/nofp\libgcc.a(_dvmd_tls.o)
                0x20000214                __aeabi_idiv0
                0x20000214                __aeabi_ldiv0
 .text.__stub   0x20000218       0x20 linker stubs
                0x20000238                . = ALIGN (0x4)
 *(.rodata*)
                0x20000238                . = ALIGN (0x4)
 *(.data*)
 .data.striped_spin_lock_num
                0x20000238        0x1 CMakeFiles/Test.dir/C_/Users/steoh/.pico-sdk/sdk/2.2.0/src/rp2_common/hardware_sync/sync.c.obj
 *fill*         0x20000239        0x3 
 .data.default_alarm_pool
                0x2000023c       0x18 CMakeFiles/Test.dir/C_/Users/steoh/.pico-sdk/sdk/2.2.0/src/common/pico_time/time.c.obj
 *fill*         0x20000254        0xc 
 .data.aeabi_bits_funcs
                0x20000260       0x10 CMakeFiles/Test.dir/C_/Users/steoh/.pico-sdk/sdk/2.2.0/src/rp2_common/pico_bit_ops/bit_ops_aeabi.S.obj
                0x20000260                aeabi_bits_funcs
                0x20000270                aeabi_bits_funcs_end
 .data.aeabi_mem_funcs
                0x20000270       0x10 CMakeFiles/Test.dir/C_/Users/steoh/.pico-sdk/sdk/2.2.0/src/rp2_common/pico_mem_ops/mem_ops_aeabi.S.obj
                0x20000270                aeabi_mem_funcs
                0x20000280                aeabi_mem_funcs_end
                0x20000280                . = ALIGN (0x4)
 *(.after_data.*)
                0x20000280                . = ALIGN (0x4)
                0x20000280                PROVIDE (__mutex_array_start = .)
 *(SORT_BY_NAME(.mutex_array.*))
 *(.mutex_array)
 .mutex_array   0x20000280        0x8 CMakeFiles/Test.dir/C_/Users/steoh/.pico-sdk/sdk/2.2.0/src/rp2_common/pico_stdio/stdio.c.obj
                0x20000288                PROVIDE (__mutex_array_end = .)
                0x20000288                . = ALIGN (0x4)
 *(.jcr)
                0x20000288                . = ALIGN (0x4)

.igot.plt       0x20000288        0x0 load address 0x10004054
 .igot.plt      0x20000288        0x0 c:/progra~1/raspbe~1/picosd~1.1/gcc-ar~1/bin/../lib/gcc/arm-none-eabi/10.3.1/thumb/v6-m/nofp/crtbegin.o

.tdata          0x20000288        0x0 load address 0x10004054
                0x20000288                . = ALIGN (0x4)
 *(.tdata .tdata.* .gnu.linkonce.td.*)
                0x20000288                __tdata_end = .
                0x20000288                PROVIDE (__data_end__ = .)
                0x10003e8c                __etext = LOADADDR (.data)

.tbss           0x20000288        0x0 load address 0x10004054
                0x20000288                . = ALIGN (0x4)
                0x20000288                __bss_start__ = .
                0x20000288                __tls_base = .
 *(.tbss .tbss.* .gnu.linkonce.tb.*)
 *(.tcommon)
                0x20000288                __tls_end = .

.bss            0x20000288      0x3e8 load address 0x10004054
                0x20000288                . = ALIGN (0x4)
                0x20000288                __tbss_end = .
 *(SORT_BY_ALIGNMENT(SORT_BY_NAME(.bss*)))
 .bss.default_alarm_pool_entries
                0x20000288      0x180 CMakeFiles/Test.dir/C_/Users/steoh/.pico-sdk/sdk/2.2.0/src/common/pico_time/time.c.obj
 .bss           0x20000408       0x1c c:/progra~1/raspbe~1/picosd~1.1/gcc-ar~1/bin/../lib/gcc/arm-none-eabi/10.3.1/thumb/v6-m/nofp/crtbegin.o
 .bss.claimed   0x20000424        0x1 CMakeFiles/Test.dir/C_/Users/steoh/.pico-sdk/sdk/2.2.0/src/rp2_common/hardware_timer/timer.c.obj
 *fill*         0x20000425        0x3 
 .bss.configured_freq
                0x20000428       0x28 CMakeFiles/Test.dir/C_/Users/steoh/.pico-sdk/sdk/2.2.0/src/rp2_common/hardware_clocks/clocks.c.obj
 .bss.drivers   0x20000450        0x4 CMakeFiles/Test.dir/C_/Users/steoh/.pico-sdk/sdk/2.2.0/src/rp2_common/pico_stdio/stdio.c.obj
 .bss.filter    0x20000454        0x4 CMakeFiles/Test.dir/C_/Users/steoh/.pico-sdk/sdk/2.2.0/src/rp2_common/pico_stdio/stdio.c.obj
 .bss.pools     0x20000458       0x10 CMakeFiles/Test.dir/C_/Users/steoh/.pico-sdk/sdk/2.2.0/src/common/pico_time/time.c.obj
 .bss.sd_table  0x20000468      0x100 CMakeFiles/Test.dir/C_/Users/steoh/.pico-sdk/sdk/2.2.0/src/rp2_common/pico_double/double_init_rom_rp2040.c.obj
                0x20000468                sd_table
 .bss.sf_clz_func
                0x20000568        0x4 CMakeFiles/Test.dir/C_/Users/steoh/.pico-sdk/sdk/2.2.0/src/rp2_common/pico_double/double_init_rom_rp2040.c.obj
                0x20000568                sf_clz_func
 .bss.sf_table  0x2000056c      0x100 CMakeFiles/Test.dir/C_/Users/steoh/.pico-sdk/sdk/2.2.0/src/rp2_common/pico_float/float_init_rom_rp2040.c.obj
                0x2000056c                sf_table
 .bss.sleep_notifier
                0x2000066c        0x4 CMakeFiles/Test.dir/C_/Users/steoh/.pico-sdk/sdk/2.2.0/src/common/pico_time/time.c.obj
 *(COMMON)
                0x20000670                . = ALIGN (0x4)
                0x20000670                __bss_end__ = .

.heap           0x20000670      0x800 load address 0x10004054
                0x20000670                __end__ = .
                0x20000670                end = __end__
 *(.heap*)
 .heap          0x20000670      0x800 CMakeFiles/Test.dir/C_/Users/steoh/.pico-sdk/sdk/2.2.0/src/rp2_common/pico_crt0/crt0.S.obj
                0x20040000                __HeapLimit = (ORIGIN (RAM) + LENGTH (RAM))

.scratch_x      0x20040000        0x0 load address 0x10004054
                0x20040000                __scratch_x_start__ = .
 *(.scratch_x.*)
                0x20040000                . = ALIGN (0x4)
                0x20040000                __scratch_x_end__ = .
                0x10004054                __scratch_x_source__ = LOADADDR (.scratch_x)

.scratch_y      0x20041000        0x0 load address 0x10004054
                0x20041000                __scratch_y_start__ = .
 *(.scratch_y.*)
                0x20041000                . = ALIGN (0x4)
                0x20041000                __scratch_y_end__ = .
                0x10004054                __scratch_y_source__ = LOADADDR (.scratch_y)

.stack1_dummy   0x20040000        0x0
 *(.stack1*)

.stack_dummy    0x20041000      0x800
 *(.stack*)
 .stack         0x20041000      0x800 CMakeFiles/Test.dir/C_/Users/steoh/.pico-sdk/sdk/2.2.0/src/rp2_common/pico_crt0/crt0.S.obj

.rel.dyn        0x20041800        0x0
 .rel.iplt      0x20041800        0x0 c:/progra~1/raspbe~1/picosd~1.1/gcc-ar~1/bin/../lib/gcc/arm-none-eabi/10.3.1/thumb/v6-m/nofp/crtbegin.o

.flash_end      0x10004054        0x0
 *(.embedded_end_block*)
                0x10004054                PROVIDE (__flash_binary_end = .)
                0x20040000                __StackLimit = (ORIGIN (RAM) + LENGTH (RAM))
                0x20041000                __StackOneTop = (ORIGIN (SCRATCH_X) + LENGTH (SCRATCH_X))
                0x20042000                __StackTop = (ORIGIN (SCRATCH_Y) + LENGTH (SCRATCH_Y))
                0x20041000                __StackOneBottom = (__StackOneTop - SIZEOF (.stack1_dummy))
                0x20041800                __StackBottom = (__StackTop - SIZEOF (.stack_dummy))
                0x20042000                PROVIDE (__stack = __StackTop)
                [!provide]                PROVIDE (__heap_start = __end__)
                [!provide]                PROVIDE (__heap_end = __HeapLimit)
                [!provide]                PROVIDE (__tls_align = MAX (ALIGNOF (.tdata), ALIGNOF (.tbss)))
                [!provide]                PROVIDE (__tls_size_align = (((__tls_size + __tls_align) - 0x1) & ~ ((__tls_align - 0x1))))
                [!provide]                PROVIDE (__arm32_tls_tcb_offset = MAX (0x8, __tls_align))
                [!provide]                PROVIDE (_end = __end__)
                [!provide]                PROVIDE (__llvm_libc_heap_limit = __HeapLimit)
                0x00000001                ASSERT ((__StackLimit >= __HeapLimit), region RAM overflowed)
                0x00000001                ASSERT (((__binary_info_header_end - __logical_binary_start) <= 0x100), Binary info must be in first 256 bytes of the binary)
LOAD CMakeFiles/Test.dir/Test.c.obj
LOAD CMakeFiles/Test.dir/C_/Users/steoh/.pico-sdk/sdk/2.2.0/src/rp2_common/pico_stdlib/stdlib.c.obj
LOAD CMakeFiles/Test.dir/C_/Users/steoh/.pico-sdk/sdk/2.2.0/src/rp2_common/hardware_gpio/gpio.c.obj
LOAD CMakeFiles/Test.dir/C_/Users/steoh/.pico-sdk/sdk/2.2.0/src/rp2040/pico_platform/platform.c.obj
LOAD CMakeFiles/Test.dir/C_/Users/steoh/.pico-sdk/sdk/2.2.0/src/rp2_common/pico_platform_common/common.c.obj
LOAD CMakeFiles/Test.dir/C_/Users/steoh/.pico-sdk/sdk/2.2.0/src/rp2_common/pico_platform_panic/panic.c.obj
LOAD CMakeFiles/Test.dir/C_/Users/steoh/.pico-sdk/sdk/2.2.0/src/common/hardware_claim/claim.c.obj
LOAD CMakeFiles/Test.dir/C_/Users/steoh/.pico-sdk/sdk/2.2.0/src/rp2_common/hardware_sync/sync.c.obj
LOAD CMakeFiles/Test.dir/C_/Users/steoh/.pico-sdk/sdk/2.2.0/src/rp2_common/hardware_sync_spin_lock/sync_spin_lock.c.obj
LOAD CMakeFiles/Test.dir/C_/Users/steoh/.pico-sdk/sdk/2.2.0/src/rp2_common/hardware_irq/irq.c.obj
LOAD CMakeFiles/Test.dir/C_/Users/steoh/.pico-sdk/sdk/2.2.0/src/rp2_common/hardware_irq/irq_handler_chain.S.obj
LOAD CMakeFiles/Test.dir/C_/Users/steoh/.pico-sdk/sdk/2.2.0/src/common/pico_sync/sem.c.obj
LOAD CMakeFiles/Test.dir/C_/Users/steoh/.pico-sdk/sdk/2.2.0/src/common/pico_sync/lock_core.c.obj
LOAD CMakeFiles/Test.dir/C_/Users/steoh/.pico-sdk/sdk/2.2.0/src/common/pico_sync/mutex.c.obj
LOAD CMakeFiles/Test.dir/C_/Users/steoh/.pico-sdk/sdk/2.2.0/src/common/pico_sync/critical_section.c.obj
LOAD CMakeFiles/Test.dir/C_/Users/steoh/.pico-sdk/sdk/2.2.0/src/common/pico_time/time.c.obj
LOAD CMakeFiles/Test.dir/C_/Users/steoh/.pico-sdk/sdk/2.2.0/src/common/pico_time/timeout_helper.c.obj
LOAD CMakeFiles/Test.dir/C_/Users/steoh/.pico-sdk/sdk/2.2.0/src/rp2_common/hardware_timer/timer.c.obj
LOAD CMakeFiles/Test.dir/C_/Users/steoh/.pico-sdk/sdk/2.2.0/src/common/pico_util/datetime.c.obj
LOAD CMakeFiles/Test.dir/C_/Users/steoh/.pico-sdk/sdk/2.2.0/src/common/pico_util/pheap.c.obj
LOAD CMakeFiles/Test.dir/C_/Users/steoh/.pico-sdk/sdk/2.2.0/src/common/pico_util/queue.c.obj
LOAD CMakeFiles/Test.dir/C_/Users/steoh/.pico-sdk/sdk/2.2.0/src/rp2_common/hardware_uart/uart.c.obj
LOAD CMakeFiles/Test.dir/C_/Users/steoh/.pico-sdk/sdk/2.2.0/src/rp2_common/hardware_clocks/clocks.c.obj
LOAD CMakeFiles/Test.dir/C_/Users/steoh/.pico-sdk/sdk/2.2.0/src/rp2_common/hardware_pll/pll.c.obj
LOAD CMakeFiles/Test.dir/C_/Users/steoh/.pico-sdk/sdk/2.2.0/src/rp2_common/hardware_vreg/vreg.c.obj
LOAD CMakeFiles/Test.dir/C_/Users/steoh/.pico-sdk/sdk/2.2.0/src/rp2_common/hardware_watchdog/watchdog.c.obj
LOAD CMakeFiles/Test.dir/C_/Users/steoh/.pico-sdk/sdk/2.2.0/src/rp2_common/hardware_ticks/ticks.c.obj
LOAD CMakeFiles/Test.dir/C_/Users/steoh/.pico-sdk/sdk/2.2.0/src/rp2_common/pico_bootrom/bootrom.c.obj
LOAD CMakeFiles/Test.dir/C_/Users/steoh/.pico-sdk/sdk/2.2.0/src/rp2_common/pico_bootrom/bootrom_lock.c.obj
LOAD CMakeFiles/Test.dir/C_/Users/steoh/.pico-sdk/sdk/2.2.0/src/rp2_common/hardware_boot_lock/boot_lock.c.obj
LOAD CMakeFiles/Test.dir/C_/Users/steoh/.pico-sdk/sdk/2.2.0/src/rp2_common/pico_flash/flash.c.obj
LOAD CMakeFiles/Test.dir/C_/Users/steoh/.pico-sdk/sdk/2.2.0/src/rp2_common/hardware_xosc/xosc.c.obj
LOAD CMakeFiles/Test.dir/C_/Users/steoh/.pico-sdk/sdk/2.2.0/src/rp2_common/hardware_divider/divider.S.obj
LOAD CMakeFiles/Test.dir/C_/Users/steoh/.pico-sdk/sdk/2.2.0/src/rp2_common/pico_runtime/runtime.c.obj
LOAD CMakeFiles/Test.dir/C_/Users/steoh/.pico-sdk/sdk/2.2.0/src/rp2_common/pico_runtime_init/runtime_init.c.obj
LOAD CMakeFiles/Test.dir/C_/Users/steoh/.pico-sdk/sdk/2.2.0/src/rp2_common/pico_runtime_init/runtime_init_clocks.c.obj
LOAD CMakeFiles/Test.dir/C_/Users/steoh/.pico-sdk/sdk/2.2.0/src/rp2_common/pico_runtime_init/runtime_init_stack_guard.c.obj
LOAD CMakeFiles/Test.dir/C_/Users/steoh/.pico-sdk/sdk/2.2.0/src/rp2_common/pico_bit_ops/bit_ops_aeabi.S.obj
LOAD CMakeFiles/Test.dir/C_/Users/steoh/.pico-sdk/sdk/2.2.0/src/rp2_common/pico_divider/divider_hardware.S.obj
LOAD CMakeFiles/Test.dir/C_/Users/steoh/.pico-sdk/sdk/2.2.0/src/rp2_common/pico_double/double_aeabi_rp2040.S.obj
LOAD CMakeFiles/Test.dir/C_/Users/steoh/.pico-sdk/sdk/2.2.0/src/rp2_common/pico_double/double_init_rom_rp2040.c.obj
LOAD CMakeFiles/Test.dir/C_/Users/steoh/.pico-sdk/sdk/2.2.0/src/rp2_common/pico_double/double_math.c.obj
LOAD CMakeFiles/Test.dir/C_/Users/steoh/.pico-sdk/sdk/2.2.0/src/rp2_common/pico_double/double_v1_rom_shim_rp2040.S.obj
LOAD CMakeFiles/Test.dir/C_/Users/steoh/.pico-sdk/sdk/2.2.0/src/rp2_common/pico_int64_ops/pico_int64_ops_aeabi.S.obj
LOAD CMakeFiles/Test.dir/C_/Users/steoh/.pico-sdk/sdk/2.2.0/src/rp2_common/pico_float/float_aeabi_rp2040.S.obj
LOAD CMakeFiles/Test.dir/C_/Users/steoh/.pico-sdk/sdk/2.2.0/src/rp2_common/pico_float/float_init_rom_rp2040.c.obj
LOAD CMakeFiles/Test.dir/C_/Users/steoh/.pico-sdk/sdk/2.2.0/src/rp2_common/pico_float/float_math.c.obj
LOAD CMakeFiles/Test.dir/C_/Users/steoh/.pico-sdk/sdk/2.2.0/src/rp2_common/pico_float/float_v1_rom_shim_rp2040.S.obj
LOAD CMakeFiles/Test.dir/C_/Users/steoh/.pico-sdk/sdk/2.2.0/src/rp2_common/pico_malloc/malloc.c.obj
LOAD CMakeFiles/Test.dir/C_/Users/steoh/.pico-sdk/sdk/2.2.0/src/rp2_common/pico_mem_ops/mem_ops_aeabi.S.obj
LOAD CMakeFiles/Test.dir/C_/Users/steoh/.pico-sdk/sdk/2.2.0/src/rp2_common/pico_atomic/atomic.c.obj
LOAD CMakeFiles/Test.dir/C_/Users/steoh/.pico-sdk/sdk/2.2.0/src/rp2_common/pico_cxx_options/new_delete.cpp.obj
LOAD CMakeFiles/Test.dir/C_/Users/steoh/.pico-sdk/sdk/2.2.0/src/rp2_common/pico_standard_binary_info/standard_binary_info.c.obj
LOAD CMakeFiles/Test.dir/C_/Users/steoh/.pico-sdk/sdk/2.2.0/src/rp2_common/pico_printf/printf.c.obj
LOAD CMakeFiles/Test.dir/C_/Users/steoh/.pico-sdk/sdk/2.2.0/src/rp2_common/pico_crt0/crt0.S.obj
LOAD CMakeFiles/Test.dir/C_/Users/steoh/.pico-sdk/sdk/2.2.0/src/rp2_common/pico_clib_interface/newlib_interface.c.obj
LOAD CMakeFiles/Test.dir/C_/Users/steoh/.pico-sdk/sdk/2.2.0/src/rp2_common/pico_stdio/stdio.c.obj
LOAD pico-sdk\src\rp2040\boot_stage2\CMakeFiles\bs2_default_library.dir\bs2_default_padded_checksummed.S.obj
LOAD c:/progra~1/raspbe~1/picosd~1.1/gcc-ar~1/bin/../lib/gcc/arm-none-eabi/10.3.1/../../../../arm-none-eabi/lib/thumb/v6-m/nofp\libstdc++.a
LOAD c:/progra~1/raspbe~1/picosd~1.1/gcc-ar~1/bin/../lib/gcc/arm-none-eabi/10.3.1/../../../../arm-none-eabi/lib/thumb/v6-m/nofp\libm.a
START GROUP
LOAD c:/progra~1/raspbe~1/picosd~1.1/gcc-ar~1/bin/../lib/gcc/arm-none-eabi/10.3.1/thumb/v6-m/nofp\libgcc.a
LOAD c:/progra~1/raspbe~1/picosd~1.1/gcc-ar~1/bin/../lib/gcc/arm-none-eabi/10.3.1/../../../../arm-none-eabi/lib/thumb/v6-m/nofp\libg.a
LOAD c:/progra~1/raspbe~1/picosd~1.1/gcc-ar~1/bin/../lib/gcc/arm-none-eabi/10.3.1/../../../../arm-none-eabi/lib/thumb/v6-m/nofp\libc.a
END GROUP
START GROUP
LOAD c:/progra~1/raspbe~1/picosd~1.1/gcc-ar~1/bin/../lib/gcc/arm-none-eabi/10.3.1/thumb/v6-m/nofp\libgcc.a
LOAD c:/progra~1/raspbe~1/picosd~1.1/gcc-ar~1/bin/../lib/gcc/arm-none-eabi/10.3.1/../../../../arm-none-eabi/lib/thumb/v6-m/nofp\libc.a
LOAD c:/progra~1/raspbe~1/picosd~1.1/gcc-ar~1/bin/../lib/gcc/arm-none-eabi/10.3.1/../../../../arm-none-eabi/lib/thumb/v6-m/nofp\libnosys.a
END GROUP
LOAD c:/progra~1/raspbe~1/picosd~1.1/gcc-ar~1/bin/../lib/gcc/arm-none-eabi/10.3.1/thumb/v6-m/nofp/crtend.o
LOAD c:/progra~1/raspbe~1/picosd~1.1/gcc-ar~1/bin/../lib/gcc/arm-none-eabi/10.3.1/thumb/v6-m/nofp/crtn.o
OUTPUT(Test.elf elf32-littlearm)
LOAD linker stubs

.ARM.attributes
                0x00000000       0x28
 .ARM.attributes
                0x00000000       0x1e c:/progra~1/raspbe~1/picosd~1.1/gcc-ar~1/bin/../lib/gcc/arm-none-eabi/10.3.1/thumb/v6-m/nofp/crti.o
 .ARM.attributes
                0x0000001e       0x2c c:/progra~1/raspbe~1/picosd~1.1/gcc-ar~1/bin/../lib/gcc/arm-none-eabi/10.3.1/thumb/v6-m/nofp/crtbegin.o
 .ARM.attributes
                0x0000004a       0x2c CMakeFiles/Test.dir/Test.c.obj
 .ARM.attributes
                0x00000076       0x2c CMakeFiles/Test.dir/C_/Users/steoh/.pico-sdk/sdk/2.2.0/src/rp2_common/hardware_gpio/gpio.c.obj
 .ARM.attributes
                0x000000a2       0x2c CMakeFiles/Test.dir/C_/Users/steoh/.pico-sdk/sdk/2.2.0/src/rp2_common/pico_platform_panic/panic.c.obj
 .ARM.attributes
                0x000000ce       0x2c CMakeFiles/Test.dir/C_/Users/steoh/.pico-sdk/sdk/2.2.0/src/common/hardware_claim/claim.c.obj
 .ARM.attributes
                0x000000fa       0x2c CMakeFiles/Test.dir/C_/Users/steoh/.pico-sdk/sdk/2.2.0/src/rp2_common/hardware_sync/sync.c.obj
 .ARM.attributes
                0x00000126       0x2c CMakeFiles/Test.dir/C_/Users/steoh/.pico-sdk/sdk/2.2.0/src/rp2_common/hardware_sync_spin_lock/sync_spin_lock.c.obj
 .ARM.attributes
                0x00000152       0x2c CMakeFiles/Test.dir/C_/Users/steoh/.pico-sdk/sdk/2.2.0/src/rp2_common/hardware_irq/irq.c.obj
 .ARM.attributes
                0x0000017e       0x2c CMakeFiles/Test.dir/C_/Users/steoh/.pico-sdk/sdk/2.2.0/src/common/pico_sync/lock_core.c.obj
 .ARM.attributes
                0x000001aa       0x2c CMakeFiles/Test.dir/C_/Users/steoh/.pico-sdk/sdk/2.2.0/src/common/pico_sync/mutex.c.obj
 .ARM.attributes
                0x000001d6       0x2c CMakeFiles/Test.dir/C_/Users/steoh/.pico-sdk/sdk/2.2.0/src/common/pico_time/time.c.obj
 .ARM.attributes
                0x00000202       0x2c CMakeFiles/Test.dir/C_/Users/steoh/.pico-sdk/sdk/2.2.0/src/rp2_common/hardware_timer/timer.c.obj
 .ARM.attributes
                0x0000022e       0x2c CMakeFiles/Test.dir/C_/Users/steoh/.pico-sdk/sdk/2.2.0/src/rp2_common/hardware_clocks/clocks.c.obj
 .ARM.attributes
                0x0000025a       0x2c CMakeFiles/Test.dir/C_/Users/steoh/.pico-sdk/sdk/2.2.0/src/rp2_common/hardware_pll/pll.c.obj
 .ARM.attributes
                0x00000286       0x2c CMakeFiles/Test.dir/C_/Users/steoh/.pico-sdk/sdk/2.2.0/src/rp2_common/hardware_ticks/ticks.c.obj
 .ARM.attributes
                0x000002b2       0x2c CMakeFiles/Test.dir/C_/Users/steoh/.pico-sdk/sdk/2.2.0/src/rp2_common/pico_bootrom/bootrom.c.obj
 .ARM.attributes
                0x000002de       0x2c CMakeFiles/Test.dir/C_/Users/steoh/.pico-sdk/sdk/2.2.0/src/rp2_common/hardware_xosc/xosc.c.obj
 .ARM.attributes
                0x0000030a       0x2c CMakeFiles/Test.dir/C_/Users/steoh/.pico-sdk/sdk/2.2.0/src/rp2_common/pico_runtime/runtime.c.obj
 .ARM.attributes
                0x00000336       0x2c CMakeFiles/Test.dir/C_/Users/steoh/.pico-sdk/sdk/2.2.0/src/rp2_common/pico_runtime_init/runtime_init.c.obj
 .ARM.attributes
                0x00000362       0x2c CMakeFiles/Test.dir/C_/Users/steoh/.pico-sdk/sdk/2.2.0/src/rp2_common/pico_runtime_init/runtime_init_clocks.c.obj
 .ARM.attributes
                0x0000038e       0x22 CMakeFiles/Test.dir/C_/Users/steoh/.pico-sdk/sdk/2.2.0/src/rp2_common/pico_bit_ops/bit_ops_aeabi.S.obj
 .ARM.attributes
                0x000003b0       0x22 CMakeFiles/Test.dir/C_/Users/steoh/.pico-sdk/sdk/2.2.0/src/rp2_common/pico_divider/divider_hardware.S.obj
 .ARM.attributes
                0x000003d2       0x22 CMakeFiles/Test.dir/C_/Users/steoh/.pico-sdk/sdk/2.2.0/src/rp2_common/pico_double/double_aeabi_rp2040.S.obj
 .ARM.attributes
                0x000003f4       0x2c CMakeFiles/Test.dir/C_/Users/steoh/.pico-sdk/sdk/2.2.0/src/rp2_common/pico_double/double_init_rom_rp2040.c.obj
 .ARM.attributes
                0x00000420       0x22 CMakeFiles/Test.dir/C_/Users/steoh/.pico-sdk/sdk/2.2.0/src/rp2_common/pico_double/double_v1_rom_shim_rp2040.S.obj
 .ARM.attributes
                0x00000442       0x22 CMakeFiles/Test.dir/C_/Users/steoh/.pico-sdk/sdk/2.2.0/src/rp2_common/pico_int64_ops/pico_int64_ops_aeabi.S.obj
 .ARM.attributes
                0x00000464       0x22 CMakeFiles/Test.dir/C_/Users/steoh/.pico-sdk/sdk/2.2.0/src/rp2_common/pico_float/float_aeabi_rp2040.S.obj
 .ARM.attributes
                0x00000486       0x2c CMakeFiles/Test.dir/C_/Users/steoh/.pico-sdk/sdk/2.2.0/src/rp2_common/pico_float/float_init_rom_rp2040.c.obj
 .ARM.attributes
                0x000004b2       0x22 CMakeFiles/Test.dir/C_/Users/steoh/.pico-sdk/sdk/2.2.0/src/rp2_common/pico_float/float_v1_rom_shim_rp2040.S.obj
 .ARM.attributes
                0x000004d4       0x22 CMakeFiles/Test.dir/C_/Users/steoh/.pico-sdk/sdk/2.2.0/src/rp2_common/pico_mem_ops/mem_ops_aeabi.S.obj
 .ARM.attributes
                0x000004f6       0x2c CMakeFiles/Test.dir/C_/Users/steoh/.pico-sdk/sdk/2.2.0/src/rp2_common/pico_standard_binary_info/standard_binary_info.c.obj
 .ARM.attributes
                0x00000522       0x2c CMakeFiles/Test.dir/C_/Users/steoh/.pico-sdk/sdk/2.2.0/src/rp2_common/pico_printf/printf.c.obj
 .ARM.attributes
                0x0000054e       0x22 CMakeFiles/Test.dir/C_/Users/steoh/.pico-sdk/sdk/2.2.0/src/rp2_common/pico_crt0/crt0.S.obj
 .ARM.attributes
                0x00000570       0x2c CMakeFiles/Test.dir/C_/Users/steoh/.pico-sdk/sdk/2.2.0/src/rp2_common/pico_clib_interface/newlib_interface.c.obj
 .ARM.attributes
                0x0000059c       0x2c CMakeFiles/Test.dir/C_/Users/steoh/.pico-sdk/sdk/2.2.0/src/rp2_common/pico_stdio/stdio.c.obj
 .ARM.attributes
                0x000005c8       0x22 pico-sdk\src\rp2040\boot_stage2\CMakeFiles\bs2_default_library.dir\bs2_default_padded_checksummed.S.obj
 .ARM.attributes
                0x000005ea       0x1e c:/progra~1/raspbe~1/picosd~1.1/gcc-ar~1/bin/../lib/gcc/arm-none-eabi/10.3.1/thumb/v6-m/nofp\libgcc.a(_dvmd_tls.o)
 .ARM.attributes
                0x00000608       0x2c c:/progra~1/raspbe~1/picosd~1.1/gcc-ar~1/bin/../lib/gcc/arm-none-eabi/10.3.1/../../../../arm-none-eabi/lib/thumb/v6-m/nofp\libg.a(lib_a-strlen-stub.o)

.comment        0x00000000       0x49
 .comment       0x00000000       0x49 CMakeFiles/Test.dir/Test.c.obj
                                 0x4a (size before relaxing)
 .comment       0x00000049       0x4a CMakeFiles/Test.dir/C_/Users/steoh/.pico-sdk/sdk/2.2.0/src/rp2_common/hardware_gpio/gpio.c.obj
 .comment       0x00000049       0x4a CMakeFiles/Test.dir/C_/Users/steoh/.pico-sdk/sdk/2.2.0/src/rp2_common/pico_platform_panic/panic.c.obj
 .comment       0x00000049       0x4a CMakeFiles/Test.dir/C_/Users/steoh/.pico-sdk/sdk/2.2.0/src/common/hardware_claim/claim.c.obj
 .comment       0x00000049       0x4a CMakeFiles/Test.dir/C_/Users/steoh/.pico-sdk/sdk/2.2.0/src/rp2_common/hardware_sync/sync.c.obj
 .comment       0x00000049       0x4a CMakeFiles/Test.dir/C_/Users/steoh/.pico-sdk/sdk/2.2.0/src/rp2_common/hardware_sync_spin_lock/sync_spin_lock.c.obj
 .comment       0x00000049       0x4a CMakeFiles/Test.dir/C_/Users/steoh/.pico-sdk/sdk/2.2.0/src/rp2_common/hardware_irq/irq.c.obj
 .comment       0x00000049       0x4a CMakeFiles/Test.dir/C_/Users/steoh/.pico-sdk/sdk/2.2.0/src/common/pico_sync/lock_core.c.obj
 .comment       0x00000049       0x4a CMakeFiles/Test.dir/C_/Users/steoh/.pico-sdk/sdk/2.2.0/src/common/pico_sync/mutex.c.obj
 .comment       0x00000049       0x4a CMakeFiles/Test.dir/C_/Users/steoh/.pico-sdk/sdk/2.2.0/src/common/pico_time/time.c.obj
 .comment       0x00000049       0x4a CMakeFiles/Test.dir/C_/Users/steoh/.pico-sdk/sdk/2.2.0/src/rp2_common/hardware_timer/timer.c.obj
 .comment       0x00000049       0x4a CMakeFiles/Test.dir/C_/Users/steoh/.pico-sdk/sdk/2.2.0/src/rp2_common/hardware_clocks/clocks.c.obj
 .comment       0x00000049       0x4a CMakeFiles/Test.dir/C_/Users/steoh/.pico-sdk/sdk/2.2.0/src/rp2_common/hardware_pll/pll.c.obj
 .comment       0x00000049       0x4a CMakeFiles/Test.dir/C_/Users/steoh/.pico-sdk/sdk/2.2.0/src/rp2_common/hardware_ticks/ticks.c.obj
 .comment       0x00000049       0x4a CMakeFiles/Test.dir/C_/Users/steoh/.pico-sdk/sdk/2.2.0/src/rp2_common/pico_bootrom/bootrom.c.obj
 .comment       0x00000049       0x4a CMakeFiles/Test.dir/C_/Users/steoh/.pico-sdk/sdk/2.2.0/src/rp2_common/hardware_xosc/xosc.c.obj
 .comment       0x00000049       0x4a CMakeFiles/Test.dir/C_/Users/steoh/.pico-sdk/sdk/2.2.0/src/rp2_common/pico_runtime/runtime.c.obj
 .comment       0x00000049       0x4a CMakeFiles/Test.dir/C_/Users/steoh/.pico-sdk/sdk/2.2.0/src/rp2_common/pico_runtime_init/runtime_init.c.obj
 .comment       0x00000049       0x4a CMakeFiles/Test.dir/C_/Users/steoh/.pico-sdk/sdk/2.2.0/src/rp2_common/pico_runtime_init/runtime_init_clocks.c.obj
 .comment       0x00000049       0x4a CMakeFiles/Test.dir/C_/Users/steoh/.pico-sdk/sdk/2.2.0/src/rp2_common/pico_double/double_init_rom_rp2040.c.obj
 .comment       0x00000049       0x4a CMakeFiles/Test.dir/C_/Users/steoh/.pico-sdk/sdk/2.2.0/src/rp2_common/pico_float/float_init_rom_rp2040.c.obj
 .comment       0x00000049       0x4a CMakeFiles/Test.dir/C_/Users/steoh/.pico-sdk/sdk/2.2.0/src/rp2_common/pico_standard_binary_info/standard_binary_info.c.obj
 .comment       0x00000049       0x4a CMakeFiles/Test.dir/C_/Users/steoh/.pico-sdk/sdk/2.2.0/src/rp2_common/pico_printf/printf.c.obj
 .comment       0x00000049       0x4a CMakeFiles/Test.dir/C_/Users/steoh/.pico-sdk/sdk/2.2.0/src/rp2_common/pico_clib_interface/newlib_interface.c.obj
 .comment       0x00000049       0x4a CMakeFiles/Test.dir/C_/Users/steoh/.pico-sdk/sdk/2.2.0/src/rp2_common/pico_stdio/stdio.c.obj

.debug_info     0x00000000    0x13ebf
 .debug_info    0x00000000      0x610 CMakeFiles/Test.dir/Test.c.obj
 .debug_info    0x00000610     0x1dac CMakeFiles/Test.dir/C_/Users/steoh/.pico-sdk/sdk/2.2.0/src/rp2_common/hardware_gpio/gpio.c.obj
 .debug_info    0x000023bc      0x19c CMakeFiles/Test.dir/C_/Users/steoh/.pico-sdk/sdk/2.2.0/src/rp2_common/pico_platform_panic/panic.c.obj
 .debug_info    0x00002558      0x6d4 CMakeFiles/Test.dir/C_/Users/steoh/.pico-sdk/sdk/2.2.0/src/common/hardware_claim/claim.c.obj
 .debug_info    0x00002c2c      0x409 CMakeFiles/Test.dir/C_/Users/steoh/.pico-sdk/sdk/2.2.0/src/rp2_common/hardware_sync/sync.c.obj
 .debug_info    0x00003035      0x2de CMakeFiles/Test.dir/C_/Users/steoh/.pico-sdk/sdk/2.2.0/src/rp2_common/hardware_sync_spin_lock/sync_spin_lock.c.obj
 .debug_info    0x00003313     0x208a CMakeFiles/Test.dir/C_/Users/steoh/.pico-sdk/sdk/2.2.0/src/rp2_common/hardware_irq/irq.c.obj
 .debug_info    0x0000539d      0x1b0 CMakeFiles/Test.dir/C_/Users/steoh/.pico-sdk/sdk/2.2.0/src/common/pico_sync/lock_core.c.obj
 .debug_info    0x0000554d     0x1fa5 CMakeFiles/Test.dir/C_/Users/steoh/.pico-sdk/sdk/2.2.0/src/common/pico_sync/mutex.c.obj
 .debug_info    0x000074f2     0x35c4 CMakeFiles/Test.dir/C_/Users/steoh/.pico-sdk/sdk/2.2.0/src/common/pico_time/time.c.obj
 .debug_info    0x0000aab6     0x19c0 CMakeFiles/Test.dir/C_/Users/steoh/.pico-sdk/sdk/2.2.0/src/rp2_common/hardware_timer/timer.c.obj
 .debug_info    0x0000c476     0x15ba CMakeFiles/Test.dir/C_/Users/steoh/.pico-sdk/sdk/2.2.0/src/rp2_common/hardware_clocks/clocks.c.obj
 .debug_info    0x0000da30      0x663 CMakeFiles/Test.dir/C_/Users/steoh/.pico-sdk/sdk/2.2.0/src/rp2_common/hardware_pll/pll.c.obj
 .debug_info    0x0000e093      0x2c4 CMakeFiles/Test.dir/C_/Users/steoh/.pico-sdk/sdk/2.2.0/src/rp2_common/hardware_ticks/ticks.c.obj
 .debug_info    0x0000e357      0x3f9 CMakeFiles/Test.dir/C_/Users/steoh/.pico-sdk/sdk/2.2.0/src/rp2_common/pico_bootrom/bootrom.c.obj
 .debug_info    0x0000e750      0x1e1 CMakeFiles/Test.dir/C_/Users/steoh/.pico-sdk/sdk/2.2.0/src/rp2_common/hardware_xosc/xosc.c.obj
 .debug_info    0x0000e931      0x1b2 CMakeFiles/Test.dir/C_/Users/steoh/.pico-sdk/sdk/2.2.0/src/rp2_common/pico_runtime/runtime.c.obj
 .debug_info    0x0000eae3      0x839 CMakeFiles/Test.dir/C_/Users/steoh/.pico-sdk/sdk/2.2.0/src/rp2_common/pico_runtime_init/runtime_init.c.obj
 .debug_info    0x0000f31c      0x6fd CMakeFiles/Test.dir/C_/Users/steoh/.pico-sdk/sdk/2.2.0/src/rp2_common/pico_runtime_init/runtime_init_clocks.c.obj
 .debug_info    0x0000fa19       0x23 CMakeFiles/Test.dir/C_/Users/steoh/.pico-sdk/sdk/2.2.0/src/rp2_common/pico_bit_ops/bit_ops_aeabi.S.obj
 .debug_info    0x0000fa3c       0x23 CMakeFiles/Test.dir/C_/Users/steoh/.pico-sdk/sdk/2.2.0/src/rp2_common/pico_divider/divider_hardware.S.obj
 .debug_info    0x0000fa5f       0x23 CMakeFiles/Test.dir/C_/Users/steoh/.pico-sdk/sdk/2.2.0/src/rp2_common/pico_double/double_aeabi_rp2040.S.obj
 .debug_info    0x0000fa82      0x2ea CMakeFiles/Test.dir/C_/Users/steoh/.pico-sdk/sdk/2.2.0/src/rp2_common/pico_double/double_init_rom_rp2040.c.obj
 .debug_info    0x0000fd6c       0x23 CMakeFiles/Test.dir/C_/Users/steoh/.pico-sdk/sdk/2.2.0/src/rp2_common/pico_double/double_v1_rom_shim_rp2040.S.obj
 .debug_info    0x0000fd8f       0x24 CMakeFiles/Test.dir/C_/Users/steoh/.pico-sdk/sdk/2.2.0/src/rp2_common/pico_int64_ops/pico_int64_ops_aeabi.S.obj
 .debug_info    0x0000fdb3       0x23 CMakeFiles/Test.dir/C_/Users/steoh/.pico-sdk/sdk/2.2.0/src/rp2_common/pico_float/float_aeabi_rp2040.S.obj
 .debug_info    0x0000fdd6      0x2f0 CMakeFiles/Test.dir/C_/Users/steoh/.pico-sdk/sdk/2.2.0/src/rp2_common/pico_float/float_init_rom_rp2040.c.obj
 .debug_info    0x000100c6       0x23 CMakeFiles/Test.dir/C_/Users/steoh/.pico-sdk/sdk/2.2.0/src/rp2_common/pico_float/float_v1_rom_shim_rp2040.S.obj
 .debug_info    0x000100e9       0x23 CMakeFiles/Test.dir/C_/Users/steoh/.pico-sdk/sdk/2.2.0/src/rp2_common/pico_mem_ops/mem_ops_aeabi.S.obj
 .debug_info    0x0001010c      0x32c CMakeFiles/Test.dir/C_/Users/steoh/.pico-sdk/sdk/2.2.0/src/rp2_common/pico_standard_binary_info/standard_binary_info.c.obj
 .debug_info    0x00010438     0x1a5e CMakeFiles/Test.dir/C_/Users/steoh/.pico-sdk/sdk/2.2.0/src/rp2_common/pico_printf/printf.c.obj
 .debug_info    0x00011e96       0x23 CMakeFiles/Test.dir/C_/Users/steoh/.pico-sdk/sdk/2.2.0/src/rp2_common/pico_crt0/crt0.S.obj
 .debug_info    0x00011eb9      0xc21 CMakeFiles/Test.dir/C_/Users/steoh/.pico-sdk/sdk/2.2.0/src/rp2_common/pico_clib_interface/newlib_interface.c.obj
 .debug_info    0x00012ada     0x13e5 CMakeFiles/Test.dir/C_/Users/steoh/.pico-sdk/sdk/2.2.0/src/rp2_common/pico_stdio/stdio.c.obj

.debug_abbrev   0x00000000     0x4131
 .debug_abbrev  0x00000000      0x1a1 CMakeFiles/Test.dir/Test.c.obj
 .debug_abbrev  0x000001a1      0x3f1 CMakeFiles/Test.dir/C_/Users/steoh/.pico-sdk/sdk/2.2.0/src/rp2_common/hardware_gpio/gpio.c.obj
 .debug_abbrev  0x00000592       0xf4 CMakeFiles/Test.dir/C_/Users/steoh/.pico-sdk/sdk/2.2.0/src/rp2_common/pico_platform_panic/panic.c.obj
 .debug_abbrev  0x00000686      0x2c3 CMakeFiles/Test.dir/C_/Users/steoh/.pico-sdk/sdk/2.2.0/src/common/hardware_claim/claim.c.obj
 .debug_abbrev  0x00000949      0x1df CMakeFiles/Test.dir/C_/Users/steoh/.pico-sdk/sdk/2.2.0/src/rp2_common/hardware_sync/sync.c.obj
 .debug_abbrev  0x00000b28      0x1f0 CMakeFiles/Test.dir/C_/Users/steoh/.pico-sdk/sdk/2.2.0/src/rp2_common/hardware_sync_spin_lock/sync_spin_lock.c.obj
 .debug_abbrev  0x00000d18      0x572 CMakeFiles/Test.dir/C_/Users/steoh/.pico-sdk/sdk/2.2.0/src/rp2_common/hardware_irq/irq.c.obj
 .debug_abbrev  0x0000128a      0x116 CMakeFiles/Test.dir/C_/Users/steoh/.pico-sdk/sdk/2.2.0/src/common/pico_sync/lock_core.c.obj
 .debug_abbrev  0x000013a0      0x3b6 CMakeFiles/Test.dir/C_/Users/steoh/.pico-sdk/sdk/2.2.0/src/common/pico_sync/mutex.c.obj
 .debug_abbrev  0x00001756      0x5b8 CMakeFiles/Test.dir/C_/Users/steoh/.pico-sdk/sdk/2.2.0/src/common/pico_time/time.c.obj
 .debug_abbrev  0x00001d0e      0x473 CMakeFiles/Test.dir/C_/Users/steoh/.pico-sdk/sdk/2.2.0/src/rp2_common/hardware_timer/timer.c.obj
 .debug_abbrev  0x00002181      0x429 CMakeFiles/Test.dir/C_/Users/steoh/.pico-sdk/sdk/2.2.0/src/rp2_common/hardware_clocks/clocks.c.obj
 .debug_abbrev  0x000025aa      0x21a CMakeFiles/Test.dir/C_/Users/steoh/.pico-sdk/sdk/2.2.0/src/rp2_common/hardware_pll/pll.c.obj
 .debug_abbrev  0x000027c4      0x14e CMakeFiles/Test.dir/C_/Users/steoh/.pico-sdk/sdk/2.2.0/src/rp2_common/hardware_ticks/ticks.c.obj
 .debug_abbrev  0x00002912      0x18c CMakeFiles/Test.dir/C_/Users/steoh/.pico-sdk/sdk/2.2.0/src/rp2_common/pico_bootrom/bootrom.c.obj
 .debug_abbrev  0x00002a9e      0x11a CMakeFiles/Test.dir/C_/Users/steoh/.pico-sdk/sdk/2.2.0/src/rp2_common/hardware_xosc/xosc.c.obj
 .debug_abbrev  0x00002bb8      0x11c CMakeFiles/Test.dir/C_/Users/steoh/.pico-sdk/sdk/2.2.0/src/rp2_common/pico_runtime/runtime.c.obj
 .debug_abbrev  0x00002cd4      0x252 CMakeFiles/Test.dir/C_/Users/steoh/.pico-sdk/sdk/2.2.0/src/rp2_common/pico_runtime_init/runtime_init.c.obj
 .debug_abbrev  0x00002f26      0x266 CMakeFiles/Test.dir/C_/Users/steoh/.pico-sdk/sdk/2.2.0/src/rp2_common/pico_runtime_init/runtime_init_clocks.c.obj
 .debug_abbrev  0x0000318c       0x12 CMakeFiles/Test.dir/C_/Users/steoh/.pico-sdk/sdk/2.2.0/src/rp2_common/pico_bit_ops/bit_ops_aeabi.S.obj
 .debug_abbrev  0x0000319e       0x12 CMakeFiles/Test.dir/C_/Users/steoh/.pico-sdk/sdk/2.2.0/src/rp2_common/pico_divider/divider_hardware.S.obj
 .debug_abbrev  0x000031b0       0x12 CMakeFiles/Test.dir/C_/Users/steoh/.pico-sdk/sdk/2.2.0/src/rp2_common/pico_double/double_aeabi_rp2040.S.obj
 .debug_abbrev  0x000031c2      0x166 CMakeFiles/Test.dir/C_/Users/steoh/.pico-sdk/sdk/2.2.0/src/rp2_common/pico_double/double_init_rom_rp2040.c.obj
 .debug_abbrev  0x00003328       0x12 CMakeFiles/Test.dir/C_/Users/steoh/.pico-sdk/sdk/2.2.0/src/rp2_common/pico_double/double_v1_rom_shim_rp2040.S.obj
 .debug_abbrev  0x0000333a       0x14 CMakeFiles/Test.dir/C_/Users/steoh/.pico-sdk/sdk/2.2.0/src/rp2_common/pico_int64_ops/pico_int64_ops_aeabi.S.obj
 .debug_abbrev  0x0000334e       0x12 CMakeFiles/Test.dir/C_/Users/steoh/.pico-sdk/sdk/2.2.0/src/rp2_common/pico_float/float_aeabi_rp2040.S.obj
 .debug_abbrev  0x00003360      0x179 CMakeFiles/Test.dir/C_/Users/steoh/.pico-sdk/sdk/2.2.0/src/rp2_common/pico_float/float_init_rom_rp2040.c.obj
 .debug_abbrev  0x000034d9       0x12 CMakeFiles/Test.dir/C_/Users/steoh/.pico-sdk/sdk/2.2.0/src/rp2_common/pico_float/float_v1_rom_shim_rp2040.S.obj
 .debug_abbrev  0x000034eb       0x12 CMakeFiles/Test.dir/C_/Users/steoh/.pico-sdk/sdk/2.2.0/src/rp2_common/pico_mem_ops/mem_ops_aeabi.S.obj
 .debug_abbrev  0x000034fd       0xad CMakeFiles/Test.dir/C_/Users/steoh/.pico-sdk/sdk/2.2.0/src/rp2_common/pico_standard_binary_info/standard_binary_info.c.obj
 .debug_abbrev  0x000035aa      0x3a2 CMakeFiles/Test.dir/C_/Users/steoh/.pico-sdk/sdk/2.2.0/src/rp2_common/pico_printf/printf.c.obj
 .debug_abbrev  0x0000394c       0x12 CMakeFiles/Test.dir/C_/Users/steoh/.pico-sdk/sdk/2.2.0/src/rp2_common/pico_crt0/crt0.S.obj
 .debug_abbrev  0x0000395e      0x33c CMakeFiles/Test.dir/C_/Users/steoh/.pico-sdk/sdk/2.2.0/src/rp2_common/pico_clib_interface/newlib_interface.c.obj
 .debug_abbrev  0x00003c9a      0x497 CMakeFiles/Test.dir/C_/Users/steoh/.pico-sdk/sdk/2.2.0/src/rp2_common/pico_stdio/stdio.c.obj

.debug_loc      0x00000000     0xc7bd
 .debug_loc     0x00000000      0x114 CMakeFiles/Test.dir/Test.c.obj
 .debug_loc     0x00000114     0x1588 CMakeFiles/Test.dir/C_/Users/steoh/.pico-sdk/sdk/2.2.0/src/rp2_common/hardware_gpio/gpio.c.obj
 .debug_loc     0x0000169c      0x45f CMakeFiles/Test.dir/C_/Users/steoh/.pico-sdk/sdk/2.2.0/src/common/hardware_claim/claim.c.obj
 .debug_loc     0x00001afb      0x13f CMakeFiles/Test.dir/C_/Users/steoh/.pico-sdk/sdk/2.2.0/src/rp2_common/hardware_sync/sync.c.obj
 .debug_loc     0x00001c3a       0xf4 CMakeFiles/Test.dir/C_/Users/steoh/.pico-sdk/sdk/2.2.0/src/rp2_common/hardware_sync_spin_lock/sync_spin_lock.c.obj
 .debug_loc     0x00001d2e     0x1488 CMakeFiles/Test.dir/C_/Users/steoh/.pico-sdk/sdk/2.2.0/src/rp2_common/hardware_irq/irq.c.obj
 .debug_loc     0x000031b6       0x60 CMakeFiles/Test.dir/C_/Users/steoh/.pico-sdk/sdk/2.2.0/src/common/pico_sync/lock_core.c.obj
 .debug_loc     0x00003216     0x1418 CMakeFiles/Test.dir/C_/Users/steoh/.pico-sdk/sdk/2.2.0/src/common/pico_sync/mutex.c.obj
 .debug_loc     0x0000462e     0x26a1 CMakeFiles/Test.dir/C_/Users/steoh/.pico-sdk/sdk/2.2.0/src/common/pico_time/time.c.obj
 .debug_loc     0x00006ccf      0xf6c CMakeFiles/Test.dir/C_/Users/steoh/.pico-sdk/sdk/2.2.0/src/rp2_common/hardware_timer/timer.c.obj
 .debug_loc     0x00007c3b      0xe94 CMakeFiles/Test.dir/C_/Users/steoh/.pico-sdk/sdk/2.2.0/src/rp2_common/hardware_clocks/clocks.c.obj
 .debug_loc     0x00008acf      0x351 CMakeFiles/Test.dir/C_/Users/steoh/.pico-sdk/sdk/2.2.0/src/rp2_common/hardware_pll/pll.c.obj
 .debug_loc     0x00008e20       0x57 CMakeFiles/Test.dir/C_/Users/steoh/.pico-sdk/sdk/2.2.0/src/rp2_common/hardware_ticks/ticks.c.obj
 .debug_loc     0x00008e77      0x2de CMakeFiles/Test.dir/C_/Users/steoh/.pico-sdk/sdk/2.2.0/src/rp2_common/pico_bootrom/bootrom.c.obj
 .debug_loc     0x00009155       0x71 CMakeFiles/Test.dir/C_/Users/steoh/.pico-sdk/sdk/2.2.0/src/rp2_common/hardware_xosc/xosc.c.obj
 .debug_loc     0x000091c6       0x78 CMakeFiles/Test.dir/C_/Users/steoh/.pico-sdk/sdk/2.2.0/src/rp2_common/pico_runtime/runtime.c.obj
 .debug_loc     0x0000923e      0x153 CMakeFiles/Test.dir/C_/Users/steoh/.pico-sdk/sdk/2.2.0/src/rp2_common/pico_runtime_init/runtime_init.c.obj
 .debug_loc     0x00009391       0xbf CMakeFiles/Test.dir/C_/Users/steoh/.pico-sdk/sdk/2.2.0/src/rp2_common/pico_runtime_init/runtime_init_clocks.c.obj
 .debug_loc     0x00009450       0x8c CMakeFiles/Test.dir/C_/Users/steoh/.pico-sdk/sdk/2.2.0/src/rp2_common/pico_double/double_init_rom_rp2040.c.obj
 .debug_loc     0x000094dc       0x73 CMakeFiles/Test.dir/C_/Users/steoh/.pico-sdk/sdk/2.2.0/src/rp2_common/pico_float/float_init_rom_rp2040.c.obj
 .debug_loc     0x0000954f     0x2095 CMakeFiles/Test.dir/C_/Users/steoh/.pico-sdk/sdk/2.2.0/src/rp2_common/pico_printf/printf.c.obj
 .debug_loc     0x0000b5e4      0x5f4 CMakeFiles/Test.dir/C_/Users/steoh/.pico-sdk/sdk/2.2.0/src/rp2_common/pico_clib_interface/newlib_interface.c.obj
 .debug_loc     0x0000bbd8      0xbe5 CMakeFiles/Test.dir/C_/Users/steoh/.pico-sdk/sdk/2.2.0/src/rp2_common/pico_stdio/stdio.c.obj

.debug_aranges  0x00000000      0xed0
 .debug_aranges
                0x00000000       0x20 CMakeFiles/Test.dir/Test.c.obj
 .debug_aranges
                0x00000020      0x120 CMakeFiles/Test.dir/C_/Users/steoh/.pico-sdk/sdk/2.2.0/src/rp2_common/hardware_gpio/gpio.c.obj
 .debug_aranges
                0x00000140       0x28 CMakeFiles/Test.dir/C_/Users/steoh/.pico-sdk/sdk/2.2.0/src/rp2_common/pico_platform_panic/panic.c.obj
 .debug_aranges
                0x00000168       0x48 CMakeFiles/Test.dir/C_/Users/steoh/.pico-sdk/sdk/2.2.0/src/common/hardware_claim/claim.c.obj
 .debug_aranges
                0x000001b0       0x48 CMakeFiles/Test.dir/C_/Users/steoh/.pico-sdk/sdk/2.2.0/src/rp2_common/hardware_sync/sync.c.obj
 .debug_aranges
                0x000001f8       0x28 CMakeFiles/Test.dir/C_/Users/steoh/.pico-sdk/sdk/2.2.0/src/rp2_common/hardware_sync_spin_lock/sync_spin_lock.c.obj
 .debug_aranges
                0x00000220       0xe0 CMakeFiles/Test.dir/C_/Users/steoh/.pico-sdk/sdk/2.2.0/src/rp2_common/hardware_irq/irq.c.obj
 .debug_aranges
                0x00000300       0x20 CMakeFiles/Test.dir/C_/Users/steoh/.pico-sdk/sdk/2.2.0/src/common/pico_sync/lock_core.c.obj
 .debug_aranges
                0x00000320       0x98 CMakeFiles/Test.dir/C_/Users/steoh/.pico-sdk/sdk/2.2.0/src/common/pico_sync/mutex.c.obj
 .debug_aranges
                0x000003b8       0xf0 CMakeFiles/Test.dir/C_/Users/steoh/.pico-sdk/sdk/2.2.0/src/common/pico_time/time.c.obj
 .debug_aranges
                0x000004a8       0xf0 CMakeFiles/Test.dir/C_/Users/steoh/.pico-sdk/sdk/2.2.0/src/rp2_common/hardware_timer/timer.c.obj
 .debug_aranges
                0x00000598       0xa0 CMakeFiles/Test.dir/C_/Users/steoh/.pico-sdk/sdk/2.2.0/src/rp2_common/hardware_clocks/clocks.c.obj
 .debug_aranges
                0x00000638       0x28 CMakeFiles/Test.dir/C_/Users/steoh/.pico-sdk/sdk/2.2.0/src/rp2_common/hardware_pll/pll.c.obj
 .debug_aranges
                0x00000660       0x30 CMakeFiles/Test.dir/C_/Users/steoh/.pico-sdk/sdk/2.2.0/src/rp2_common/hardware_ticks/ticks.c.obj
 .debug_aranges
                0x00000690       0x40 CMakeFiles/Test.dir/C_/Users/steoh/.pico-sdk/sdk/2.2.0/src/rp2_common/pico_bootrom/bootrom.c.obj
 .debug_aranges
                0x000006d0       0x30 CMakeFiles/Test.dir/C_/Users/steoh/.pico-sdk/sdk/2.2.0/src/rp2_common/hardware_xosc/xosc.c.obj
 .debug_aranges
                0x00000700       0x40 CMakeFiles/Test.dir/C_/Users/steoh/.pico-sdk/sdk/2.2.0/src/rp2_common/pico_runtime/runtime.c.obj
 .debug_aranges
                0x00000740       0x48 CMakeFiles/Test.dir/C_/Users/steoh/.pico-sdk/sdk/2.2.0/src/rp2_common/pico_runtime_init/runtime_init.c.obj
 .debug_aranges
                0x00000788       0x28 CMakeFiles/Test.dir/C_/Users/steoh/.pico-sdk/sdk/2.2.0/src/rp2_common/pico_runtime_init/runtime_init_clocks.c.obj
 .debug_aranges
                0x000007b0       0x60 CMakeFiles/Test.dir/C_/Users/steoh/.pico-sdk/sdk/2.2.0/src/rp2_common/pico_bit_ops/bit_ops_aeabi.S.obj
 .debug_aranges
                0x00000810       0x40 CMakeFiles/Test.dir/C_/Users/steoh/.pico-sdk/sdk/2.2.0/src/rp2_common/pico_divider/divider_hardware.S.obj
 .debug_aranges
                0x00000850      0x150 CMakeFiles/Test.dir/C_/Users/steoh/.pico-sdk/sdk/2.2.0/src/rp2_common/pico_double/double_aeabi_rp2040.S.obj
 .debug_aranges
                0x000009a0       0x20 CMakeFiles/Test.dir/C_/Users/steoh/.pico-sdk/sdk/2.2.0/src/rp2_common/pico_double/double_init_rom_rp2040.c.obj
 .debug_aranges
                0x000009c0       0xc8 CMakeFiles/Test.dir/C_/Users/steoh/.pico-sdk/sdk/2.2.0/src/rp2_common/pico_double/double_v1_rom_shim_rp2040.S.obj
 .debug_aranges
                0x00000a88       0x20 CMakeFiles/Test.dir/C_/Users/steoh/.pico-sdk/sdk/2.2.0/src/rp2_common/pico_int64_ops/pico_int64_ops_aeabi.S.obj
 .debug_aranges
                0x00000aa8      0x138 CMakeFiles/Test.dir/C_/Users/steoh/.pico-sdk/sdk/2.2.0/src/rp2_common/pico_float/float_aeabi_rp2040.S.obj
 .debug_aranges
                0x00000be0       0x20 CMakeFiles/Test.dir/C_/Users/steoh/.pico-sdk/sdk/2.2.0/src/rp2_common/pico_float/float_init_rom_rp2040.c.obj
 .debug_aranges
                0x00000c00       0x50 CMakeFiles/Test.dir/C_/Users/steoh/.pico-sdk/sdk/2.2.0/src/rp2_common/pico_float/float_v1_rom_shim_rp2040.S.obj
 .debug_aranges
                0x00000c50       0x38 CMakeFiles/Test.dir/C_/Users/steoh/.pico-sdk/sdk/2.2.0/src/rp2_common/pico_mem_ops/mem_ops_aeabi.S.obj
 .debug_aranges
                0x00000c88       0x18 CMakeFiles/Test.dir/C_/Users/steoh/.pico-sdk/sdk/2.2.0/src/rp2_common/pico_standard_binary_info/standard_binary_info.c.obj
 .debug_aranges
                0x00000ca0       0x90 CMakeFiles/Test.dir/C_/Users/steoh/.pico-sdk/sdk/2.2.0/src/rp2_common/pico_printf/printf.c.obj
 .debug_aranges
                0x00000d30       0x28 CMakeFiles/Test.dir/C_/Users/steoh/.pico-sdk/sdk/2.2.0/src/rp2_common/pico_crt0/crt0.S.obj
 .debug_aranges
                0x00000d58       0xa8 CMakeFiles/Test.dir/C_/Users/steoh/.pico-sdk/sdk/2.2.0/src/rp2_common/pico_clib_interface/newlib_interface.c.obj
 .debug_aranges
                0x00000e00       0xd0 CMakeFiles/Test.dir/C_/Users/steoh/.pico-sdk/sdk/2.2.0/src/rp2_common/pico_stdio/stdio.c.obj

.debug_ranges   0x00000000     0x29f8
 .debug_ranges  0x00000000       0x10 CMakeFiles/Test.dir/Test.c.obj
 .debug_ranges  0x00000010      0x1c0 CMakeFiles/Test.dir/C_/Users/steoh/.pico-sdk/sdk/2.2.0/src/rp2_common/hardware_gpio/gpio.c.obj
 .debug_ranges  0x000001d0       0x18 CMakeFiles/Test.dir/C_/Users/steoh/.pico-sdk/sdk/2.2.0/src/rp2_common/pico_platform_panic/panic.c.obj
 .debug_ranges  0x000001e8       0xd8 CMakeFiles/Test.dir/C_/Users/steoh/.pico-sdk/sdk/2.2.0/src/common/hardware_claim/claim.c.obj
 .debug_ranges  0x000002c0       0x68 CMakeFiles/Test.dir/C_/Users/steoh/.pico-sdk/sdk/2.2.0/src/rp2_common/hardware_sync/sync.c.obj
 .debug_ranges  0x00000328       0x90 CMakeFiles/Test.dir/C_/Users/steoh/.pico-sdk/sdk/2.2.0/src/rp2_common/hardware_sync_spin_lock/sync_spin_lock.c.obj
 .debug_ranges  0x000003b8      0x448 CMakeFiles/Test.dir/C_/Users/steoh/.pico-sdk/sdk/2.2.0/src/rp2_common/hardware_irq/irq.c.obj
 .debug_ranges  0x00000800       0x10 CMakeFiles/Test.dir/C_/Users/steoh/.pico-sdk/sdk/2.2.0/src/common/pico_sync/lock_core.c.obj
 .debug_ranges  0x00000810      0xae0 CMakeFiles/Test.dir/C_/Users/steoh/.pico-sdk/sdk/2.2.0/src/common/pico_sync/mutex.c.obj
 .debug_ranges  0x000012f0      0xae8 CMakeFiles/Test.dir/C_/Users/steoh/.pico-sdk/sdk/2.2.0/src/common/pico_time/time.c.obj
 .debug_ranges  0x00001dd8      0x428 CMakeFiles/Test.dir/C_/Users/steoh/.pico-sdk/sdk/2.2.0/src/rp2_common/hardware_timer/timer.c.obj
 .debug_ranges  0x00002200      0x188 CMakeFiles/Test.dir/C_/Users/steoh/.pico-sdk/sdk/2.2.0/src/rp2_common/hardware_clocks/clocks.c.obj
 .debug_ranges  0x00002388       0x48 CMakeFiles/Test.dir/C_/Users/steoh/.pico-sdk/sdk/2.2.0/src/rp2_common/hardware_pll/pll.c.obj
 .debug_ranges  0x000023d0       0x20 CMakeFiles/Test.dir/C_/Users/steoh/.pico-sdk/sdk/2.2.0/src/rp2_common/hardware_ticks/ticks.c.obj
 .debug_ranges  0x000023f0       0x48 CMakeFiles/Test.dir/C_/Users/steoh/.pico-sdk/sdk/2.2.0/src/rp2_common/pico_bootrom/bootrom.c.obj
 .debug_ranges  0x00002438       0x20 CMakeFiles/Test.dir/C_/Users/steoh/.pico-sdk/sdk/2.2.0/src/rp2_common/hardware_xosc/xosc.c.obj
 .debug_ranges  0x00002458       0x30 CMakeFiles/Test.dir/C_/Users/steoh/.pico-sdk/sdk/2.2.0/src/rp2_common/pico_runtime/runtime.c.obj
 .debug_ranges  0x00002488       0x88 CMakeFiles/Test.dir/C_/Users/steoh/.pico-sdk/sdk/2.2.0/src/rp2_common/pico_runtime_init/runtime_init.c.obj
 .debug_ranges  0x00002510       0x30 CMakeFiles/Test.dir/C_/Users/steoh/.pico-sdk/sdk/2.2.0/src/rp2_common/pico_runtime_init/runtime_init_clocks.c.obj
 .debug_ranges  0x00002540       0x30 CMakeFiles/Test.dir/C_/Users/steoh/.pico-sdk/sdk/2.2.0/src/rp2_common/pico_double/double_init_rom_rp2040.c.obj
 .debug_ranges  0x00002570       0x28 CMakeFiles/Test.dir/C_/Users/steoh/.pico-sdk/sdk/2.2.0/src/rp2_common/pico_float/float_init_rom_rp2040.c.obj
 .debug_ranges  0x00002598      0x108 CMakeFiles/Test.dir/C_/Users/steoh/.pico-sdk/sdk/2.2.0/src/rp2_common/pico_printf/printf.c.obj
 .debug_ranges  0x000026a0      0x120 CMakeFiles/Test.dir/C_/Users/steoh/.pico-sdk/sdk/2.2.0/src/rp2_common/pico_clib_interface/newlib_interface.c.obj
 .debug_ranges  0x000027c0      0x238 CMakeFiles/Test.dir/C_/Users/steoh/.pico-sdk/sdk/2.2.0/src/rp2_common/pico_stdio/stdio.c.obj

.debug_line     0x00000000     0xea6b
 .debug_line    0x00000000      0x3b2 CMakeFiles/Test.dir/Test.c.obj
 .debug_line    0x000003b2      0xf44 CMakeFiles/Test.dir/C_/Users/steoh/.pico-sdk/sdk/2.2.0/src/rp2_common/hardware_gpio/gpio.c.obj
 .debug_line    0x000012f6      0x211 CMakeFiles/Test.dir/C_/Users/steoh/.pico-sdk/sdk/2.2.0/src/rp2_common/pico_platform_panic/panic.c.obj
 .debug_line    0x00001507      0x656 CMakeFiles/Test.dir/C_/Users/steoh/.pico-sdk/sdk/2.2.0/src/common/hardware_claim/claim.c.obj
 .debug_line    0x00001b5d      0x439 CMakeFiles/Test.dir/C_/Users/steoh/.pico-sdk/sdk/2.2.0/src/rp2_common/hardware_sync/sync.c.obj